Archive member included to satisfy reference by file (symbol)

c:/st/stm32cubeide_1.7.0/stm32cubeide/plugins/com.st.stm32cube.ide.mcu.externaltools.gnu-tools-for-stm32.9-2020-q2-update.win32_2.0.0.202105311346/tools/bin/../lib/gcc/arm-none-eabi/9.3.1/../../../../arm-none-eabi/lib/thumb/v7-m/nofp\libc_nano.a(lib_a-errno.o)
                              ./Core/Src/syscalls.o (__errno)
c:/st/stm32cubeide_1.7.0/stm32cubeide/plugins/com.st.stm32cube.ide.mcu.externaltools.gnu-tools-for-stm32.9-2020-q2-update.win32_2.0.0.202105311346/tools/bin/../lib/gcc/arm-none-eabi/9.3.1/../../../../arm-none-eabi/lib/thumb/v7-m/nofp\libc_nano.a(lib_a-exit.o)
                              c:/st/stm32cubeide_1.7.0/stm32cubeide/plugins/com.st.stm32cube.ide.mcu.externaltools.gnu-tools-for-stm32.9-2020-q2-update.win32_2.0.0.202105311346/tools/bin/../lib/gcc/arm-none-eabi/9.3.1/../../../../arm-none-eabi/lib/thumb/v7-m/nofp/crt0.o (exit)
c:/st/stm32cubeide_1.7.0/stm32cubeide/plugins/com.st.stm32cube.ide.mcu.externaltools.gnu-tools-for-stm32.9-2020-q2-update.win32_2.0.0.202105311346/tools/bin/../lib/gcc/arm-none-eabi/9.3.1/../../../../arm-none-eabi/lib/thumb/v7-m/nofp\libc_nano.a(lib_a-impure.o)
                              c:/st/stm32cubeide_1.7.0/stm32cubeide/plugins/com.st.stm32cube.ide.mcu.externaltools.gnu-tools-for-stm32.9-2020-q2-update.win32_2.0.0.202105311346/tools/bin/../lib/gcc/arm-none-eabi/9.3.1/../../../../arm-none-eabi/lib/thumb/v7-m/nofp\libc_nano.a(lib_a-exit.o) (_global_impure_ptr)
c:/st/stm32cubeide_1.7.0/stm32cubeide/plugins/com.st.stm32cube.ide.mcu.externaltools.gnu-tools-for-stm32.9-2020-q2-update.win32_2.0.0.202105311346/tools/bin/../lib/gcc/arm-none-eabi/9.3.1/../../../../arm-none-eabi/lib/thumb/v7-m/nofp\libc_nano.a(lib_a-init.o)
                              c:/st/stm32cubeide_1.7.0/stm32cubeide/plugins/com.st.stm32cube.ide.mcu.externaltools.gnu-tools-for-stm32.9-2020-q2-update.win32_2.0.0.202105311346/tools/bin/../lib/gcc/arm-none-eabi/9.3.1/../../../../arm-none-eabi/lib/thumb/v7-m/nofp/crt0.o (__libc_init_array)
c:/st/stm32cubeide_1.7.0/stm32cubeide/plugins/com.st.stm32cube.ide.mcu.externaltools.gnu-tools-for-stm32.9-2020-q2-update.win32_2.0.0.202105311346/tools/bin/../lib/gcc/arm-none-eabi/9.3.1/../../../../arm-none-eabi/lib/thumb/v7-m/nofp\libc_nano.a(lib_a-memset.o)
                              c:/st/stm32cubeide_1.7.0/stm32cubeide/plugins/com.st.stm32cube.ide.mcu.externaltools.gnu-tools-for-stm32.9-2020-q2-update.win32_2.0.0.202105311346/tools/bin/../lib/gcc/arm-none-eabi/9.3.1/../../../../arm-none-eabi/lib/thumb/v7-m/nofp/crt0.o (memset)
c:/st/stm32cubeide_1.7.0/stm32cubeide/plugins/com.st.stm32cube.ide.mcu.externaltools.gnu-tools-for-stm32.9-2020-q2-update.win32_2.0.0.202105311346/tools/bin/../lib/gcc/arm-none-eabi/9.3.1/../../../../arm-none-eabi/lib/thumb/v7-m/nofp\libc_nano.a(lib_a-sprintf.o)
                              ./Core/Src/i2c_LCD.o (sprintf)
c:/st/stm32cubeide_1.7.0/stm32cubeide/plugins/com.st.stm32cube.ide.mcu.externaltools.gnu-tools-for-stm32.9-2020-q2-update.win32_2.0.0.202105311346/tools/bin/../lib/gcc/arm-none-eabi/9.3.1/../../../../arm-none-eabi/lib/thumb/v7-m/nofp\libc_nano.a(lib_a-nano-svfprintf.o)
                              c:/st/stm32cubeide_1.7.0/stm32cubeide/plugins/com.st.stm32cube.ide.mcu.externaltools.gnu-tools-for-stm32.9-2020-q2-update.win32_2.0.0.202105311346/tools/bin/../lib/gcc/arm-none-eabi/9.3.1/../../../../arm-none-eabi/lib/thumb/v7-m/nofp\libc_nano.a(lib_a-sprintf.o) (_svfprintf_r)
c:/st/stm32cubeide_1.7.0/stm32cubeide/plugins/com.st.stm32cube.ide.mcu.externaltools.gnu-tools-for-stm32.9-2020-q2-update.win32_2.0.0.202105311346/tools/bin/../lib/gcc/arm-none-eabi/9.3.1/../../../../arm-none-eabi/lib/thumb/v7-m/nofp\libc_nano.a(lib_a-nano-vfprintf_i.o)
                              c:/st/stm32cubeide_1.7.0/stm32cubeide/plugins/com.st.stm32cube.ide.mcu.externaltools.gnu-tools-for-stm32.9-2020-q2-update.win32_2.0.0.202105311346/tools/bin/../lib/gcc/arm-none-eabi/9.3.1/../../../../arm-none-eabi/lib/thumb/v7-m/nofp\libc_nano.a(lib_a-nano-svfprintf.o) (_printf_i)
c:/st/stm32cubeide_1.7.0/stm32cubeide/plugins/com.st.stm32cube.ide.mcu.externaltools.gnu-tools-for-stm32.9-2020-q2-update.win32_2.0.0.202105311346/tools/bin/../lib/gcc/arm-none-eabi/9.3.1/../../../../arm-none-eabi/lib/thumb/v7-m/nofp\libc_nano.a(lib_a-memchr-stub.o)
                              c:/st/stm32cubeide_1.7.0/stm32cubeide/plugins/com.st.stm32cube.ide.mcu.externaltools.gnu-tools-for-stm32.9-2020-q2-update.win32_2.0.0.202105311346/tools/bin/../lib/gcc/arm-none-eabi/9.3.1/../../../../arm-none-eabi/lib/thumb/v7-m/nofp\libc_nano.a(lib_a-nano-svfprintf.o) (memchr)
c:/st/stm32cubeide_1.7.0/stm32cubeide/plugins/com.st.stm32cube.ide.mcu.externaltools.gnu-tools-for-stm32.9-2020-q2-update.win32_2.0.0.202105311346/tools/bin/../lib/gcc/arm-none-eabi/9.3.1/../../../../arm-none-eabi/lib/thumb/v7-m/nofp\libc_nano.a(lib_a-memcpy-stub.o)
[...]
Memory Configuration

Name             Origin             Length             Attributes
RAM              0x0000000020000000 0x0000000000005000 xrw
FLASH            0x0000000008000000 0x0000000000020000 xr
*default*        0x0000000000000000 0xffffffffffffffff

Linker script and memory map

LOAD c:/st/stm32cubeide_1.7.0/stm32cubeide/plugins/com.st.stm32cube.ide.mcu.externaltools.gnu-tools-for-stm32.9-2020-q2-update.win32_2.0.0.202105311346/tools/bin/../lib/gcc/arm-none-eabi/9.3.1/thumb/v7-m/nofp/crti.o
LOAD c:/st/stm32cubeide_1.7.0/stm32cubeide/plugins/com.st.stm32cube.ide.mcu.externaltools.gnu-tools-for-stm32.9-2020-q2-update.win32_2.0.0.202105311346/tools/bin/../lib/gcc/arm-none-eabi/9.3.1/thumb/v7-m/nofp/crtbegin.o
LOAD c:/st/stm32cubeide_1.7.0/stm32cubeide/plugins/com.st.stm32cube.ide.mcu.externaltools.gnu-tools-for-stm32.9-2020-q2-update.win32_2.0.0.202105311346/tools/bin/../lib/gcc/arm-none-eabi/9.3.1/../../../../arm-none-eabi/lib/thumb/v7-m/nofp/crt0.o
LOAD ./Core/Src/button.o
LOAD ./Core/Src/fsm_auto.o
LOAD ./Core/Src/fsm_edit.o
LOAD ./Core/Src/fsm_setting.o
LOAD ./Core/Src/global_var.o
LOAD ./Core/Src/i2c_LCD.o
LOAD ./Core/Src/light_traffic.o
LOAD ./Core/Src/main.o
LOAD ./Core/Src/software_timer.o
LOAD ./Core/Src/stm32f1xx_hal_msp.o
LOAD ./Core/Src/stm32f1xx_it.o
LOAD ./Core/Src/syscalls.o
LOAD ./Core/Src/sysmem.o
LOAD ./Core/Src/system_stm32f1xx.o
LOAD ./Core/Startup/startup_stm32f103rbtx.o
LOAD ./Drivers/STM32F1xx_HAL_Driver/Src/stm32f1xx_hal.o
LOAD ./Drivers/STM32F1xx_HAL_Driver/Src/stm32f1xx_hal_cortex.o
LOAD ./Drivers/STM32F1xx_HAL_Driver/Src/stm32f1xx_hal_dma.o
LOAD ./Drivers/STM32F1xx_HAL_Driver/Src/stm32f1xx_hal_exti.o
LOAD ./Drivers/STM32F1xx_HAL_Driver/Src/stm32f1xx_hal_flash.o
LOAD ./Drivers/STM32F1xx_HAL_Driver/Src/stm32f1xx_hal_flash_ex.o
LOAD ./Drivers/STM32F1xx_HAL_Driver/Src/stm32f1xx_hal_gpio.o
LOAD ./Drivers/STM32F1xx_HAL_Driver/Src/stm32f1xx_hal_gpio_ex.o
LOAD ./Drivers/STM32F1xx_HAL_Driver/Src/stm32f1xx_hal_i2c.o
LOAD ./Drivers/STM32F1xx_HAL_Driver/Src/stm32f1xx_hal_pwr.o
LOAD ./Drivers/STM32F1xx_HAL_Driver/Src/stm32f1xx_hal_rcc.o
LOAD ./Drivers/STM32F1xx_HAL_Driver/Src/stm32f1xx_hal_rcc_ex.o
LOAD ./Drivers/STM32F1xx_HAL_Driver/Src/stm32f1xx_hal_tim.o
LOAD ./Drivers/STM32F1xx_HAL_Driver/Src/stm32f1xx_hal_tim_ex.o
LOAD ./Drivers/STM32F1xx_HAL_Driver/Src/stm32f1xx_hal_uart.o
START GROUP
LOAD c:/st/stm32cubeide_1.7.0/stm32cubeide/plugins/com.st.stm32cube.ide.mcu.externaltools.gnu-tools-for-stm32.9-2020-q2-update.win32_2.0.0.202105311346/tools/bin/../lib/gcc/arm-none-eabi/9.3.1/../../../../arm-none-eabi/lib/thumb/v7-m/nofp\libc_nano.a
LOAD c:/st/stm32cubeide_1.7.0/stm32cubeide/plugins/com.st.stm32cube.ide.mcu.externaltools.gnu-tools-for-stm32.9-2020-q2-update.win32_2.0.0.202105311346/tools/bin/../lib/gcc/arm-none-eabi/9.3.1/../../../../arm-none-eabi/lib/thumb/v7-m/nofp\libm.a
END GROUP
START GROUP
LOAD c:/st/stm32cubeide_1.7.0/stm32cubeide/plugins/com.st.stm32cube.ide.mcu.externaltools.gnu-tools-for-stm32.9-2020-q2-update.win32_2.0.0.202105311346/tools/bin/../lib/gcc/arm-none-eabi/9.3.1/thumb/v7-m/nofp\libgcc.a
LOAD c:/st/stm32cubeide_1.7.0/stm32cubeide/plugins/com.st.stm32cube.ide.mcu.externaltools.gnu-tools-for-stm32.9-2020-q2-update.win32_2.0.0.202105311346/tools/bin/../lib/gcc/arm-none-eabi/9.3.1/../../../../arm-none-eabi/lib/thumb/v7-m/nofp\libc_nano.a
END GROUP
START GROUP
LOAD c:/st/stm32cubeide_1.7.0/stm32cubeide/plugins/com.st.stm32cube.ide.mcu.externaltools.gnu-tools-for-stm32.9-2020-q2-update.win32_2.0.0.202105311346/tools/bin/../lib/gcc/arm-none-eabi/9.3.1/thumb/v7-m/nofp\libgcc.a
LOAD c:/st/stm32cubeide_1.7.0/stm32cubeide/plugins/com.st.stm32cube.ide.mcu.externaltools.gnu-tools-for-stm32.9-2020-q2-update.win32_2.0.0.202105311346/tools/bin/../lib/gcc/arm-none-eabi/9.3.1/../../../../arm-none-eabi/lib/thumb/v7-m/nofp\libc_nano.a
LOAD c:/st/stm32cubeide_1.7.0/stm32cubeide/plugins/com.st.stm32cube.ide.mcu.externaltools.gnu-tools-for-stm32.9-2020-q2-update.win32_2.0.0.202105311346/tools/bin/../lib/gcc/arm-none-eabi/9.3.1/../../../../arm-none-eabi/lib/thumb/v7-m/nofp\libnosys.a
END GROUP
START GROUP
LOAD c:/st/stm32cubeide_1.7.0/stm32cubeide/plugins/com.st.stm32cube.ide.mcu.externaltools.gnu-tools-for-stm32.9-2020-q2-update.win32_2.0.0.202105311346/tools/bin/../lib/gcc/arm-none-eabi/9.3.1/thumb/v7-m/nofp\libgcc.a
LOAD c:/st/stm32cubeide_1.7.0/stm32cubeide/plugins/com.st.stm32cube.ide.mcu.externaltools.gnu-tools-for-stm32.9-2020-q2-update.win32_2.0.0.202105311346/tools/bin/../lib/gcc/arm-none-eabi/9.3.1/../../../../arm-none-eabi/lib/thumb/v7-m/nofp\libc_nano.a
LOAD c:/st/stm32cubeide_1.7.0/stm32cubeide/plugins/com.st.stm32cube.ide.mcu.externaltools.gnu-tools-for-stm32.9-2020-q2-update.win32_2.0.0.202105311346/tools/bin/../lib/gcc/arm-none-eabi/9.3.1/../../../../arm-none-eabi/lib/thumb/v7-m/nofp\libnosys.a
END GROUP
LOAD c:/st/stm32cubeide_1.7.0/stm32cubeide/plugins/com.st.stm32cube.ide.mcu.externaltools.gnu-tools-for-stm32.9-2020-q2-update.win32_2.0.0.202105311346/tools/bin/../lib/gcc/arm-none-eabi/9.3.1/thumb/v7-m/nofp/crtend.o
LOAD c:/st/stm32cubeide_1.7.0/stm32cubeide/plugins/com.st.stm32cube.ide.mcu.externaltools.gnu-tools-for-stm32.9-2020-q2-update.win32_2.0.0.202105311346/tools/bin/../lib/gcc/arm-none-eabi/9.3.1/thumb/v7-m/nofp/crtn.o
                0x0000000020005000                _estack = (ORIGIN (RAM) + LENGTH (RAM))
                0x0000000000000200                _Min_Heap_Size = 0x200
                0x0000000000000400                _Min_Stack_Size = 0x400

.isr_vector     0x0000000008000000      0x10c
                0x0000000008000000                . = ALIGN (0x4)
 *(.isr_vector)
 .isr_vector    0x0000000008000000      0x10c ./Core/Startup/startup_stm32f103rbtx.o
                0x0000000008000000                g_pfnVectors
                0x000000000800010c                . = ALIGN (0x4)

.text           0x000000000800010c     0x4238
                0x000000000800010c                . = ALIGN (0x4)
 *(.text)
 .text          0x000000000800010c       0x40 c:/st/stm32cubeide_1.7.0/stm32cubeide/plugins/com.st.stm32cube.ide.mcu.externaltools.gnu-tools-for-stm32.9-2020-q2-update.win32_2.0.0.202105311346/tools/bin/../lib/gcc/arm-none-eabi/9.3.1/thumb/v7-m/nofp/crtbegin.o
 *(.text*)
 .text.isButton1Pressed
                0x000000000800014c       0x20 ./Core/Src/button.o
                0x000000000800014c                isButton1Pressed
 .text.isButton2Pressed
                0x000000000800016c       0x20 ./Core/Src/button.o
                0x000000000800016c                isButton2Pressed
 .text.isButton3Pressed
                0x000000000800018c       0x20 ./Core/Src/button.o
                0x000000000800018c                isButton3Pressed
 .text.isButton2LongPressed
                0x00000000080001ac       0x20 ./Core/Src/button.o
                0x00000000080001ac                isButton2LongPressed
 .text.isButton3LongPressed
                0x00000000080001cc       0x20 ./Core/Src/button.o
                0x00000000080001cc                isButton3LongPressed
 .text.subKeyProcess
                0x00000000080001ec       0x50 ./Core/Src/button.o
                0x00000000080001ec                subKeyProcess
 .text.subLongKeyProcess
                0x000000000800023c       0x50 ./Core/Src/button.o
                0x000000000800023c                subLongKeyProcess
 .text.getKeyInput
                0x000000000800028c      0x23c ./Core/Src/button.o
                0x000000000800028c                getKeyInput
 .text.fsm_auto_run
                0x00000000080004c8      0x2d0 ./Core/Src/fsm_auto.o
                0x00000000080004c8                fsm_auto_run
 .text.fsm_edit
                0x0000000008000798      0x530 ./Core/Src/fsm_edit.o
                0x0000000008000798                fsm_edit
 .text.changeMode
                0x0000000008000cc8       0x74 ./Core/Src/fsm_setting.o
                0x0000000008000cc8                changeMode
 .text.fsm_config
                0x0000000008000d3c       0x54 ./Core/Src/fsm_setting.o
                0x0000000008000d3c                fsm_config
 .text.lcd_send_cmd
                0x0000000008000d90       0x60 ./Core/Src/i2c_LCD.o
                0x0000000008000d90                lcd_send_cmd
 .text.lcd_send_data
                0x0000000008000df0       0x60 ./Core/Src/i2c_LCD.o
                0x0000000008000df0                lcd_send_data
 .text.lcd_init
                0x0000000008000e50       0x5c ./Core/Src/i2c_LCD.o
                0x0000000008000e50                lcd_init
 .text.lcd_send_string
                0x0000000008000eac       0x2a ./Core/Src/i2c_LCD.o
                0x0000000008000eac                lcd_send_string
 .text.lcd_clear_display
                0x0000000008000ed6        0xe ./Core/Src/i2c_LCD.o
                0x0000000008000ed6                lcd_clear_display
 .text.lcd_goto_XY
                0x0000000008000ee4       0x44 ./Core/Src/i2c_LCD.o
                0x0000000008000ee4                lcd_goto_XY
 .text.lcd_display
                0x0000000008000f28       0x38 ./Core/Src/i2c_LCD.o
                0x0000000008000f28                lcd_display
 .text.ledReset
                0x0000000008000f60       0x6c ./Core/Src/light_traffic.o
                0x0000000008000f60                ledReset
 .text.ledRed_Green
                0x0000000008000fcc       0x6c ./Core/Src/light_traffic.o
                0x0000000008000fcc                ledRed_Green
 .text.ledRed_Yellow
                0x0000000008001038       0x6c ./Core/Src/light_traffic.o
                0x0000000008001038                ledRed_Yellow
 .text.ledGreen_Red
                0x00000000080010a4       0x6c ./Core/Src/light_traffic.o
                0x00000000080010a4                ledGreen_Red
 .text.ledYellow_Red
                0x0000000008001110       0x6c ./Core/Src/light_traffic.o
                0x0000000008001110                ledYellow_Red
 .text.main     0x000000000800117c       0x38 ./Core/Src/main.o
                0x000000000800117c                main
 .text.SystemClock_Config
                0x00000000080011b4       0x80 ./Core/Src/main.o
                0x00000000080011b4                SystemClock_Config
 .text.MX_I2C1_Init
                0x0000000008001234       0x5c ./Core/Src/main.o
 .text.MX_TIM2_Init
                0x0000000008001290       0x98 ./Core/Src/main.o
 .text.MX_USART2_UART_Init
                0x0000000008001328       0x54 ./Core/Src/main.o
 .text.MX_GPIO_Init
                0x000000000800137c      0x14c ./Core/Src/main.o
 .text.HAL_TIM_PeriodElapsedCallback
                0x00000000080014c8       0x18 ./Core/Src/main.o
                0x00000000080014c8                HAL_TIM_PeriodElapsedCallback
 .text.Error_Handler
                0x00000000080014e0        0xa ./Core/Src/main.o
                0x00000000080014e0                Error_Handler
 *fill*         0x00000000080014ea        0x2 
 .text.setTimer
                0x00000000080014ec       0x40 ./Core/Src/software_timer.o
                0x00000000080014ec                setTimer
 .text.timerRun
                0x000000000800152c       0x60 ./Core/Src/software_timer.o
                0x000000000800152c                timerRun
 .text.HAL_MspInit
                0x000000000800158c       0x64 ./Core/Src/stm32f1xx_hal_msp.o
                0x000000000800158c                HAL_MspInit
 .text.HAL_I2C_MspInit
                0x00000000080015f0       0xa0 ./Core/Src/stm32f1xx_hal_msp.o
                0x00000000080015f0                HAL_I2C_MspInit
 .text.HAL_TIM_Base_MspInit
                0x0000000008001690       0x48 ./Core/Src/stm32f1xx_hal_msp.o
                0x0000000008001690                HAL_TIM_Base_MspInit
 .text.HAL_UART_MspInit
                0x00000000080016d8       0x7c ./Core/Src/stm32f1xx_hal_msp.o
                0x00000000080016d8                HAL_UART_MspInit
 .text.NMI_Handler
                0x0000000008001754        0x6 ./Core/Src/stm32f1xx_it.o
                0x0000000008001754                NMI_Handler
 .text.HardFault_Handler
                0x000000000800175a        0x6 ./Core/Src/stm32f1xx_it.o
                0x000000000800175a                HardFault_Handler
 .text.MemManage_Handler
                0x0000000008001760        0x6 ./Core/Src/stm32f1xx_it.o
                0x0000000008001760                MemManage_Handler
 .text.BusFault_Handler
                0x0000000008001766        0x6 ./Core/Src/stm32f1xx_it.o
                0x0000000008001766                BusFault_Handler
 .text.UsageFault_Handler
                0x000000000800176c        0x6 ./Core/Src/stm32f1xx_it.o
                0x000000000800176c                UsageFault_Handler
 .text.SVC_Handler
                0x0000000008001772        0xc ./Core/Src/stm32f1xx_it.o
                0x0000000008001772                SVC_Handler
 .text.DebugMon_Handler
                0x000000000800177e        0xc ./Core/Src/stm32f1xx_it.o
                0x000000000800177e                DebugMon_Handler
 .text.PendSV_Handler
                0x000000000800178a        0xc ./Core/Src/stm32f1xx_it.o
                0x000000000800178a                PendSV_Handler
 .text.SysTick_Handler
                0x0000000008001796        0xc ./Core/Src/stm32f1xx_it.o
                0x0000000008001796                SysTick_Handler
 *fill*         0x00000000080017a2        0x2 
 .text.TIM2_IRQHandler
                0x00000000080017a4       0x14 ./Core/Src/stm32f1xx_it.o
                0x00000000080017a4                TIM2_IRQHandler
 .text.EXTI15_10_IRQHandler
                0x00000000080017b8       0x10 ./Core/Src/stm32f1xx_it.o
                0x00000000080017b8                EXTI15_10_IRQHandler
 .text._sbrk    0x00000000080017c8       0x6c ./Core/Src/sysmem.o
                0x00000000080017c8                _sbrk
 .text.SystemInit
                0x0000000008001834        0xc ./Core/Src/system_stm32f1xx.o
                0x0000000008001834                SystemInit
 .text.Reset_Handler
                0x0000000008001840       0x48 ./Core/Startup/startup_stm32f103rbtx.o
                0x0000000008001840                Reset_Handler
 .text.Default_Handler
                0x0000000008001888        0x2 ./Core/Startup/startup_stm32f103rbtx.o
                0x0000000008001888                RTC_Alarm_IRQHandler
                0x0000000008001888                EXTI2_IRQHandler
                0x0000000008001888                TIM1_CC_IRQHandler
                0x0000000008001888                PVD_IRQHandler
                0x0000000008001888                EXTI3_IRQHandler
                0x0000000008001888                EXTI0_IRQHandler
                0x0000000008001888                I2C2_EV_IRQHandler
                0x0000000008001888                ADC1_2_IRQHandler
                0x0000000008001888                SPI1_IRQHandler
                0x0000000008001888                TAMPER_IRQHandler
                0x0000000008001888                DMA1_Channel4_IRQHandler
                0x0000000008001888                USART3_IRQHandler
                0x0000000008001888                RTC_IRQHandler
                0x0000000008001888                DMA1_Channel7_IRQHandler
                0x0000000008001888                CAN1_RX1_IRQHandler
                0x0000000008001888                TIM4_IRQHandler
                0x0000000008001888                I2C1_EV_IRQHandler
                0x0000000008001888                DMA1_Channel6_IRQHandler
                0x0000000008001888                TIM3_IRQHandler
                0x0000000008001888                RCC_IRQHandler
                0x0000000008001888                TIM1_TRG_COM_IRQHandler
                0x0000000008001888                DMA1_Channel1_IRQHandler
                0x0000000008001888                Default_Handler
                0x0000000008001888                EXTI9_5_IRQHandler
                0x0000000008001888                SPI2_IRQHandler
                0x0000000008001888                DMA1_Channel5_IRQHandler
                0x0000000008001888                EXTI4_IRQHandler
                0x0000000008001888                USB_LP_CAN1_RX0_IRQHandler
                0x0000000008001888                USB_HP_CAN1_TX_IRQHandler
                0x0000000008001888                DMA1_Channel3_IRQHandler
                0x0000000008001888                TIM1_UP_IRQHandler
                0x0000000008001888                WWDG_IRQHandler
                0x0000000008001888                TIM1_BRK_IRQHandler
                0x0000000008001888                EXTI1_IRQHandler
                0x0000000008001888                USART2_IRQHandler
                0x0000000008001888                I2C2_ER_IRQHandler
                0x0000000008001888                DMA1_Channel2_IRQHandler
                0x0000000008001888                CAN1_SCE_IRQHandler
                0x0000000008001888                FLASH_IRQHandler
                0x0000000008001888                USART1_IRQHandler
                0x0000000008001888                I2C1_ER_IRQHandler
                0x0000000008001888                USBWakeUp_IRQHandler
 *fill*         0x000000000800188a        0x2 
 .text.HAL_Init
                0x000000000800188c       0x2c ./Drivers/STM32F1xx_HAL_Driver/Src/stm32f1xx_hal.o
                0x000000000800188c                HAL_Init
 .text.HAL_InitTick
                0x00000000080018b8       0x60 ./Drivers/STM32F1xx_HAL_Driver/Src/stm32f1xx_hal.o
                0x00000000080018b8                HAL_InitTick
 .text.HAL_IncTick
                0x0000000008001918       0x24 ./Drivers/STM32F1xx_HAL_Driver/Src/stm32f1xx_hal.o
                0x0000000008001918                HAL_IncTick
 .text.HAL_GetTick
                0x000000000800193c       0x14 ./Drivers/STM32F1xx_HAL_Driver/Src/stm32f1xx_hal.o
                0x000000000800193c                HAL_GetTick
 .text.HAL_Delay
                0x0000000008001950       0x48 ./Drivers/STM32F1xx_HAL_Driver/Src/stm32f1xx_hal.o
                0x0000000008001950                HAL_Delay
 .text.__NVIC_SetPriorityGrouping
                0x0000000008001998       0x48 ./Drivers/STM32F1xx_HAL_Driver/Src/stm32f1xx_hal_cortex.o
 .text.__NVIC_GetPriorityGrouping
                0x00000000080019e0       0x1c ./Drivers/STM32F1xx_HAL_Driver/Src/stm32f1xx_hal_cortex.o
 .text.__NVIC_EnableIRQ
                0x00000000080019fc       0x38 ./Drivers/STM32F1xx_HAL_Driver/Src/stm32f1xx_hal_cortex.o
 .text.__NVIC_SetPriority
                0x0000000008001a34       0x54 ./Drivers/STM32F1xx_HAL_Driver/Src/stm32f1xx_hal_cortex.o
 .text.NVIC_EncodePriority
                0x0000000008001a88       0x64 ./Drivers/STM32F1xx_HAL_Driver/Src/stm32f1xx_hal_cortex.o
 .text.SysTick_Config
                0x0000000008001aec       0x44 ./Drivers/STM32F1xx_HAL_Driver/Src/stm32f1xx_hal_cortex.o
 .text.HAL_NVIC_SetPriorityGrouping
                0x0000000008001b30       0x16 ./Drivers/STM32F1xx_HAL_Driver/Src/stm32f1xx_hal_cortex.o
                0x0000000008001b30                HAL_NVIC_SetPriorityGrouping
 .text.HAL_NVIC_SetPriority
                0x0000000008001b46       0x38 ./Drivers/STM32F1xx_HAL_Driver/Src/stm32f1xx_hal_cortex.o
                0x0000000008001b46                HAL_NVIC_SetPriority
 .text.HAL_NVIC_EnableIRQ
                0x0000000008001b7e       0x1c ./Drivers/STM32F1xx_HAL_Driver/Src/stm32f1xx_hal_cortex.o
                0x0000000008001b7e                HAL_NVIC_EnableIRQ
 .text.HAL_SYSTICK_Config
                0x0000000008001b9a       0x18 ./Drivers/STM32F1xx_HAL_Driver/Src/stm32f1xx_hal_cortex.o
                0x0000000008001b9a                HAL_SYSTICK_Config
 *fill*         0x0000000008001bb2        0x2 
 .text.HAL_GPIO_Init
                0x0000000008001bb4      0x308 ./Drivers/STM32F1xx_HAL_Driver/Src/stm32f1xx_hal_gpio.o
                0x0000000008001bb4                HAL_GPIO_Init
 .text.HAL_GPIO_ReadPin
                0x0000000008001ebc       0x2e ./Drivers/STM32F1xx_HAL_Driver/Src/stm32f1xx_hal_gpio.o
                0x0000000008001ebc                HAL_GPIO_ReadPin
 .text.HAL_GPIO_WritePin
                0x0000000008001eea       0x30 ./Drivers/STM32F1xx_HAL_Driver/Src/stm32f1xx_hal_gpio.o
                0x0000000008001eea                HAL_GPIO_WritePin
 *fill*         0x0000000008001f1a        0x2 
 .text.HAL_GPIO_EXTI_IRQHandler
                0x0000000008001f1c       0x30 ./Drivers/STM32F1xx_HAL_Driver/Src/stm32f1xx_hal_gpio.o
                0x0000000008001f1c                HAL_GPIO_EXTI_IRQHandler
 .text.HAL_GPIO_EXTI_Callback
                0x0000000008001f4c       0x14 ./Drivers/STM32F1xx_HAL_Driver/Src/stm32f1xx_hal_gpio.o
                0x0000000008001f4c                HAL_GPIO_EXTI_Callback
 .text.HAL_I2C_Init
                0x0000000008001f60      0x288 ./Drivers/STM32F1xx_HAL_Driver/Src/stm32f1xx_hal_i2c.o
                0x0000000008001f60                HAL_I2C_Init
 .text.HAL_I2C_Master_Transmit
                0x00000000080021e8      0x1fc ./Drivers/STM32F1xx_HAL_Driver/Src/stm32f1xx_hal_i2c.o
                0x00000000080021e8                HAL_I2C_Master_Transmit
 .text.I2C_MasterRequestWrite
                0x00000000080023e4      0x104 ./Drivers/STM32F1xx_HAL_Driver/Src/stm32f1xx_hal_i2c.o
 .text.I2C_WaitOnFlagUntilTimeout
                0x00000000080024e8       0xf4 ./Drivers/STM32F1xx_HAL_Driver/Src/stm32f1xx_hal_i2c.o
 .text.I2C_WaitOnMasterAddressFlagUntilTimeout
                0x00000000080025dc      0x140 ./Drivers/STM32F1xx_HAL_Driver/Src/stm32f1xx_hal_i2c.o
 .text.I2C_WaitOnTXEFlagUntilTimeout
                0x000000000800271c       0x90 ./Drivers/STM32F1xx_HAL_Driver/Src/stm32f1xx_hal_i2c.o
 .text.I2C_WaitOnBTFFlagUntilTimeout
                0x00000000080027ac       0x90 ./Drivers/STM32F1xx_HAL_Driver/Src/stm32f1xx_hal_i2c.o
 .text.I2C_IsAcknowledgeFailed
                0x000000000800283c       0x5c ./Drivers/STM32F1xx_HAL_Driver/Src/stm32f1xx_hal_i2c.o
 .text.HAL_RCC_OscConfig
                0x0000000008002898      0x500 ./Drivers/STM32F1xx_HAL_Driver/Src/stm32f1xx_hal_rcc.o
                0x0000000008002898                HAL_RCC_OscConfig
 .text.HAL_RCC_ClockConfig
                0x0000000008002d98      0x1d4 ./Drivers/STM32F1xx_HAL_Driver/Src/stm32f1xx_hal_rcc.o
                0x0000000008002d98                HAL_RCC_ClockConfig
 .text.HAL_RCC_GetSysClockFreq
                0x0000000008002f6c       0xa8 ./Drivers/STM32F1xx_HAL_Driver/Src/stm32f1xx_hal_rcc.o
                0x0000000008002f6c                HAL_RCC_GetSysClockFreq
 .text.HAL_RCC_GetHCLKFreq
                0x0000000008003014       0x14 ./Drivers/STM32F1xx_HAL_Driver/Src/stm32f1xx_hal_rcc.o
                0x0000000008003014                HAL_RCC_GetHCLKFreq
 .text.HAL_RCC_GetPCLK1Freq
                0x0000000008003028       0x28 ./Drivers/STM32F1xx_HAL_Driver/Src/stm32f1xx_hal_rcc.o
                0x0000000008003028                HAL_RCC_GetPCLK1Freq
 .text.HAL_RCC_GetPCLK2Freq
                0x0000000008003050       0x28 ./Drivers/STM32F1xx_HAL_Driver/Src/stm32f1xx_hal_rcc.o
                0x0000000008003050                HAL_RCC_GetPCLK2Freq
 .text.RCC_Delay
                0x0000000008003078       0x3c ./Drivers/STM32F1xx_HAL_Driver/Src/stm32f1xx_hal_rcc.o
 .text.HAL_TIM_Base_Init
                0x00000000080030b4       0x9e ./Drivers/STM32F1xx_HAL_Driver/Src/stm32f1xx_hal_tim.o
                0x00000000080030b4                HAL_TIM_Base_Init
 *fill*         0x0000000008003152        0x2 
 .text.HAL_TIM_Base_Start_IT
                0x0000000008003154       0xa4 ./Drivers/STM32F1xx_HAL_Driver/Src/stm32f1xx_hal_tim.o
                0x0000000008003154                HAL_TIM_Base_Start_IT
 .text.HAL_TIM_IRQHandler
                0x00000000080031f8      0x1e0 ./Drivers/STM32F1xx_HAL_Driver/Src/stm32f1xx_hal_tim.o
                0x00000000080031f8                HAL_TIM_IRQHandler
 .text.HAL_TIM_ConfigClockSource
                0x00000000080033d8      0x18e ./Drivers/STM32F1xx_HAL_Driver/Src/stm32f1xx_hal_tim.o
                0x00000000080033d8                HAL_TIM_ConfigClockSource
 .text.HAL_TIM_OC_DelayElapsedCallback
                0x0000000008003566       0x12 ./Drivers/STM32F1xx_HAL_Driver/Src/stm32f1xx_hal_tim.o
                0x0000000008003566                HAL_TIM_OC_DelayElapsedCallback
 .text.HAL_TIM_IC_CaptureCallback
                0x0000000008003578       0x12 ./Drivers/STM32F1xx_HAL_Driver/Src/stm32f1xx_hal_tim.o
                0x0000000008003578                HAL_TIM_IC_CaptureCallback
 .text.HAL_TIM_PWM_PulseFinishedCallback
                0x000000000800358a       0x12 ./Drivers/STM32F1xx_HAL_Driver/Src/stm32f1xx_hal_tim.o
                0x000000000800358a                HAL_TIM_PWM_PulseFinishedCallback
 .text.HAL_TIM_TriggerCallback
                0x000000000800359c       0x12 ./Drivers/STM32F1xx_HAL_Driver/Src/stm32f1xx_hal_tim.o
                0x000000000800359c                HAL_TIM_TriggerCallback
 *fill*         0x00000000080035ae        0x2 
 .text.TIM_Base_SetConfig
                0x00000000080035b0       0xdc ./Drivers/STM32F1xx_HAL_Driver/Src/stm32f1xx_hal_tim.o
                0x00000000080035b0                TIM_Base_SetConfig
 .text.TIM_TI1_ConfigInputStage
                0x000000000800368c       0x5c ./Drivers/STM32F1xx_HAL_Driver/Src/stm32f1xx_hal_tim.o
 .text.TIM_TI2_ConfigInputStage
                0x00000000080036e8       0x5e ./Drivers/STM32F1xx_HAL_Driver/Src/stm32f1xx_hal_tim.o
 .text.TIM_ITRx_SetConfig
                0x0000000008003746       0x34 ./Drivers/STM32F1xx_HAL_Driver/Src/stm32f1xx_hal_tim.o
 .text.TIM_ETR_SetConfig
                0x000000000800377a       0x3e ./Drivers/STM32F1xx_HAL_Driver/Src/stm32f1xx_hal_tim.o
                0x000000000800377a                TIM_ETR_SetConfig
 .text.HAL_TIMEx_MasterConfigSynchronization
                0x00000000080037b8       0xbc ./Drivers/STM32F1xx_HAL_Driver/Src/stm32f1xx_hal_tim_ex.o
                0x00000000080037b8                HAL_TIMEx_MasterConfigSynchronization
 .text.HAL_TIMEx_CommutCallback
                0x0000000008003874       0x12 ./Drivers/STM32F1xx_HAL_Driver/Src/stm32f1xx_hal_tim_ex.o
                0x0000000008003874                HAL_TIMEx_CommutCallback
 .text.HAL_TIMEx_BreakCallback
                0x0000000008003886       0x12 ./Drivers/STM32F1xx_HAL_Driver/Src/stm32f1xx_hal_tim_ex.o
                0x0000000008003886                HAL_TIMEx_BreakCallback
 .text.HAL_UART_Init
                0x0000000008003898       0xa0 ./Drivers/STM32F1xx_HAL_Driver/Src/stm32f1xx_hal_uart.o
                0x0000000008003898                HAL_UART_Init
 .text.UART_SetConfig
                0x0000000008003938      0x11c ./Drivers/STM32F1xx_HAL_Driver/Src/stm32f1xx_hal_uart.o
 .text.__errno  0x0000000008003a54        0xc c:/st/stm32cubeide_1.7.0/stm32cubeide/plugins/com.st.stm32cube.ide.mcu.externaltools.gnu-tools-for-stm32.9-2020-q2-update.win32_2.0.0.202105311346/tools/bin/../lib/gcc/arm-none-eabi/9.3.1/../../../../arm-none-eabi/lib/thumb/v7-m/nofp\libc_nano.a(lib_a-errno.o)
                0x0000000008003a54                __errno
 .text.__libc_init_array
                0x0000000008003a60       0x48 c:/st/stm32cubeide_1.7.0/stm32cubeide/plugins/com.st.stm32cube.ide.mcu.externaltools.gnu-tools-for-stm32.9-2020-q2-update.win32_2.0.0.202105311346/tools/bin/../lib/gcc/arm-none-eabi/9.3.1/../../../../arm-none-eabi/lib/thumb/v7-m/nofp\libc_nano.a(lib_a-init.o)
                0x0000000008003a60                __libc_init_array
 .text.memset   0x0000000008003aa8       0x10 c:/st/stm32cubeide_1.7.0/stm32cubeide/plugins/com.st.stm32cube.ide.mcu.externaltools.gnu-tools-for-stm32.9-2020-q2-update.win32_2.0.0.202105311346/tools/bin/../lib/gcc/arm-none-eabi/9.3.1/../../../../arm-none-eabi/lib/thumb/v7-m/nofp\libc_nano.a(lib_a-memset.o)
                0x0000000008003aa8                memset
 .text.sprintf  0x0000000008003ab8       0x40 c:/st/stm32cubeide_1.7.0/stm32cubeide/plugins/com.st.stm32cube.ide.mcu.externaltools.gnu-tools-for-stm32.9-2020-q2-update.win32_2.0.0.202105311346/tools/bin/../lib/gcc/arm-none-eabi/9.3.1/../../../../arm-none-eabi/lib/thumb/v7-m/nofp\libc_nano.a(lib_a-sprintf.o)
                0x0000000008003ab8                siprintf
                0x0000000008003ab8                sprintf
 .text.__ssputs_r
                0x0000000008003af8       0xb6 c:/st/stm32cubeide_1.7.0/stm32cubeide/plugins/com.st.stm32cube.ide.mcu.externaltools.gnu-tools-for-stm32.9-2020-q2-update.win32_2.0.0.202105311346/tools/bin/../lib/gcc/arm-none-eabi/9.3.1/../../../../arm-none-eabi/lib/thumb/v7-m/nofp\libc_nano.a(lib_a-nano-svfprintf.o)
                0x0000000008003af8                __ssputs_r
 *fill*         0x0000000008003bae        0x2 
 .text._svfprintf_r
                0x0000000008003bb0      0x200 c:/st/stm32cubeide_1.7.0/stm32cubeide/plugins/com.st.stm32cube.ide.mcu.externaltools.gnu-tools-for-stm32.9-2020-q2-update.win32_2.0.0.202105311346/tools/bin/../lib/gcc/arm-none-eabi/9.3.1/../../../../arm-none-eabi/lib/thumb/v7-m/nofp\libc_nano.a(lib_a-nano-svfprintf.o)
                0x0000000008003bb0                _svfiprintf_r
                0x0000000008003bb0                _svfprintf_r
 .text._printf_common
                0x0000000008003db0       0xde c:/st/stm32cubeide_1.7.0/stm32cubeide/plugins/com.st.stm32cube.ide.mcu.externaltools.gnu-tools-for-stm32.9-2020-q2-update.win32_2.0.0.202105311346/tools/bin/../lib/gcc/arm-none-eabi/9.3.1/../../../../arm-none-eabi/lib/thumb/v7-m/nofp\libc_nano.a(lib_a-nano-vfprintf_i.o)
                0x0000000008003db0                _printf_common
 *fill*         0x0000000008003e8e        0x2 
 .text._printf_i
                0x0000000008003e90      0x24c c:/st/stm32cubeide_1.7.0/stm32cubeide/plugins/com.st.stm32cube.ide.mcu.externaltools.gnu-tools-for-stm32.9-2020-q2-update.win32_2.0.0.202105311346/tools/bin/../lib/gcc/arm-none-eabi/9.3.1/../../../../arm-none-eabi/lib/thumb/v7-m/nofp\libc_nano.a(lib_a-nano-vfprintf_i.o)
                0x0000000008003e90                _printf_i
 .text.memchr   0x00000000080040dc       0x1c c:/st/stm32cubeide_1.7.0/stm32cubeide/plugins/com.st.stm32cube.ide.mcu.externaltools.gnu-tools-for-stm32.9-2020-q2-update.win32_2.0.0.202105311346/tools/bin/../lib/gcc/arm-none-eabi/9.3.1/../../../../arm-none-eabi/lib/thumb/v7-m/nofp\libc_nano.a(lib_a-memchr-stub.o)
                0x00000000080040dc                memchr
 .text.memcpy   0x00000000080040f8       0x1c c:/st/stm32cubeide_1.7.0/stm32cubeide/plugins/com.st.stm32cube.ide.mcu.externaltools.gnu-tools-for-stm32.9-2020-q2-update.win32_2.0.0.202105311346/tools/bin/../lib/gcc/arm-none-eabi/9.3.1/../../../../arm-none-eabi/lib/thumb/v7-m/nofp\libc_nano.a(lib_a-memcpy-stub.o)
                0x00000000080040f8                memcpy
 .text.memmove  0x0000000008004114       0x34 c:/st/stm32cubeide_1.7.0/stm32cubeide/plugins/com.st.stm32cube.ide.mcu.externaltools.gnu-tools-for-stm32.9-2020-q2-update.win32_2.0.0.202105311346/tools/bin/../lib/gcc/arm-none-eabi/9.3.1/../../../../arm-none-eabi/lib/thumb/v7-m/nofp\libc_nano.a(lib_a-memmove.o)
                0x0000000008004114                memmove
 .text._free_r  0x0000000008004148       0x98 c:/st/stm32cubeide_1.7.0/stm32cubeide/plugins/com.st.stm32cube.ide.mcu.externaltools.gnu-tools-for-stm32.9-2020-q2-update.win32_2.0.0.202105311346/tools/bin/../lib/gcc/arm-none-eabi/9.3.1/../../../../arm-none-eabi/lib/thumb/v7-m/nofp\libc_nano.a(lib_a-nano-freer.o)
                0x0000000008004148                _free_r
 .text._malloc_r
                0x00000000080041e0       0xb4 c:/st/stm32cubeide_1.7.0/stm32cubeide/plugins/com.st.stm32cube.ide.mcu.externaltools.gnu-tools-for-stm32.9-2020-q2-update.win32_2.0.0.202105311346/tools/bin/../lib/gcc/arm-none-eabi/9.3.1/../../../../arm-none-eabi/lib/thumb/v7-m/nofp\libc_nano.a(lib_a-nano-mallocr.o)
                0x00000000080041e0                _malloc_r
 .text._realloc_r
                0x0000000008004294       0x4c c:/st/stm32cubeide_1.7.0/stm32cubeide/plugins/com.st.stm32cube.ide.mcu.externaltools.gnu-tools-for-stm32.9-2020-q2-update.win32_2.0.0.202105311346/tools/bin/../lib/gcc/arm-none-eabi/9.3.1/../../../../arm-none-eabi/lib/thumb/v7-m/nofp\libc_nano.a(lib_a-nano-reallocr.o)
                0x0000000008004294                _realloc_r
 .text._sbrk_r  0x00000000080042e0       0x20 c:/st/stm32cubeide_1.7.0/stm32cubeide/plugins/com.st.stm32cube.ide.mcu.externaltools.gnu-tools-for-stm32.9-2020-q2-update.win32_2.0.0.202105311346/tools/bin/../lib/gcc/arm-none-eabi/9.3.1/../../../../arm-none-eabi/lib/thumb/v7-m/nofp\libc_nano.a(lib_a-sbrkr.o)
                0x00000000080042e0                _sbrk_r
 .text.__malloc_lock
                0x0000000008004300        0xc c:/st/stm32cubeide_1.7.0/stm32cubeide/plugins/com.st.stm32cube.ide.mcu.externaltools.gnu-tools-for-stm32.9-2020-q2-update.win32_2.0.0.202105311346/tools/bin/../lib/gcc/arm-none-eabi/9.3.1/../../../../arm-none-eabi/lib/thumb/v7-m/nofp\libc_nano.a(lib_a-mlock.o)
                0x0000000008004300                __malloc_lock
 .text.__malloc_unlock
                0x000000000800430c        0xc c:/st/stm32cubeide_1.7.0/stm32cubeide/plugins/com.st.stm32cube.ide.mcu.externaltools.gnu-tools-for-stm32.9-2020-q2-update.win32_2.0.0.202105311346/tools/bin/../lib/gcc/arm-none-eabi/9.3.1/../../../../arm-none-eabi/lib/thumb/v7-m/nofp\libc_nano.a(lib_a-mlock.o)
                0x000000000800430c                __malloc_unlock
 .text._malloc_usable_size_r
                0x0000000008004318       0x10 c:/st/stm32cubeide_1.7.0/stm32cubeide/plugins/com.st.stm32cube.ide.mcu.externaltools.gnu-tools-for-stm32.9-2020-q2-update.win32_2.0.0.202105311346/tools/bin/../lib/gcc/arm-none-eabi/9.3.1/../../../../arm-none-eabi/lib/thumb/v7-m/nofp\libc_nano.a(lib_a-nano-msizer.o)
                0x0000000008004318                _malloc_usable_size_r
 .text.__retarget_lock_acquire_recursive
                0x0000000008004328        0x2 c:/st/stm32cubeide_1.7.0/stm32cubeide/plugins/com.st.stm32cube.ide.mcu.externaltools.gnu-tools-for-stm32.9-2020-q2-update.win32_2.0.0.202105311346/tools/bin/../lib/gcc/arm-none-eabi/9.3.1/../../../../arm-none-eabi/lib/thumb/v7-m/nofp\libc_nano.a(lib_a-lock.o)
                0x0000000008004328                __retarget_lock_acquire_recursive
 .text.__retarget_lock_release_recursive
                0x000000000800432a        0x2 c:/st/stm32cubeide_1.7.0/stm32cubeide/plugins/com.st.stm32cube.ide.mcu.externaltools.gnu-tools-for-stm32.9-2020-q2-update.win32_2.0.0.202105311346/tools/bin/../lib/gcc/arm-none-eabi/9.3.1/../../../../arm-none-eabi/lib/thumb/v7-m/nofp\libc_nano.a(lib_a-lock.o)
                0x000000000800432a                __retarget_lock_release_recursive
 *(.glue_7)
 .glue_7        0x000000000800432c        0x0 linker stubs
 *(.glue_7t)
 .glue_7t       0x000000000800432c        0x0 linker stubs
 *(.eh_frame)
 .eh_frame      0x000000000800432c        0x0 c:/st/stm32cubeide_1.7.0/stm32cubeide/plugins/com.st.stm32cube.ide.mcu.externaltools.gnu-tools-for-stm32.9-2020-q2-update.win32_2.0.0.202105311346/tools/bin/../lib/gcc/arm-none-eabi/9.3.1/thumb/v7-m/nofp/crtbegin.o
 *(.init)
 .init          0x000000000800432c        0x4 c:/st/stm32cubeide_1.7.0/stm32cubeide/plugins/com.st.stm32cube.ide.mcu.externaltools.gnu-tools-for-stm32.9-2020-q2-update.win32_2.0.0.202105311346/tools/bin/../lib/gcc/arm-none-eabi/9.3.1/thumb/v7-m/nofp/crti.o
                0x000000000800432c                _init
 .init          0x0000000008004330        0x8 c:/st/stm32cubeide_1.7.0/stm32cubeide/plugins/com.st.stm32cube.ide.mcu.externaltools.gnu-tools-for-stm32.9-2020-q2-update.win32_2.0.0.202105311346/tools/bin/../lib/gcc/arm-none-eabi/9.3.1/thumb/v7-m/nofp/crtn.o
 *(.fini)
 .fini          0x0000000008004338        0x4 c:/st/stm32cubeide_1.7.0/stm32cubeide/plugins/com.st.stm32cube.ide.mcu.externaltools.gnu-tools-for-stm32.9-2020-q2-update.win32_2.0.0.202105311346/tools/bin/../lib/gcc/arm-none-eabi/9.3.1/thumb/v7-m/nofp/crti.o
                0x0000000008004338                _fini
 .fini          0x000000000800433c        0x8 c:/st/stm32cubeide_1.7.0/stm32cubeide/plugins/com.st.stm32cube.ide.mcu.externaltools.gnu-tools-for-stm32.9-2020-q2-update.win32_2.0.0.202105311346/tools/bin/../lib/gcc/arm-none-eabi/9.3.1/thumb/v7-m/nofp/crtn.o
                0x0000000008004344                . = ALIGN (0x4)
                0x0000000008004344                _etext = .

.vfp11_veneer   0x0000000008004344        0x0
 .vfp11_veneer  0x0000000008004344        0x0 linker stubs

.v4_bx          0x0000000008004344        0x0
 .v4_bx         0x0000000008004344        0x0 linker stubs

.iplt           0x0000000008004344        0x0
 .iplt          0x0000000008004344        0x0 c:/st/stm32cubeide_1.7.0/stm32cubeide/plugins/com.st.stm32cube.ide.mcu.externaltools.gnu-tools-for-stm32.9-2020-q2-update.win32_2.0.0.202105311346/tools/bin/../lib/gcc/arm-none-eabi/9.3.1/thumb/v7-m/nofp/crtbegin.o

.rodata         0x0000000008004344       0xb4
                0x0000000008004344                . = ALIGN (0x4)
 *(.rodata)
 .rodata        0x0000000008004344       0x4f ./Core/Src/fsm_edit.o
 *fill*         0x0000000008004393        0x1 
 .rodata        0x0000000008004394        0x3 ./Core/Src/i2c_LCD.o
 *(.rodata*)
 *fill*         0x0000000008004397        0x1 
 .rodata.AHBPrescTable
                0x0000000008004398       0x10 ./Core/Src/system_stm32f1xx.o
                0x0000000008004398                AHBPrescTable
 .rodata.APBPrescTable
                0x00000000080043a8        0x8 ./Core/Src/system_stm32f1xx.o
                0x00000000080043a8                APBPrescTable
 .rodata.aPLLMULFactorTable.6442
                0x00000000080043b0       0x10 ./Drivers/STM32F1xx_HAL_Driver/Src/stm32f1xx_hal_rcc.o
 .rodata.aPredivFactorTable.6443
                0x00000000080043c0        0x2 ./Drivers/STM32F1xx_HAL_Driver/Src/stm32f1xx_hal_rcc.o
 .rodata._svfprintf_r.str1.1
                0x00000000080043c2       0x11 c:/st/stm32cubeide_1.7.0/stm32cubeide/plugins/com.st.stm32cube.ide.mcu.externaltools.gnu-tools-for-stm32.9-2020-q2-update.win32_2.0.0.202105311346/tools/bin/../lib/gcc/arm-none-eabi/9.3.1/../../../../arm-none-eabi/lib/thumb/v7-m/nofp\libc_nano.a(lib_a-nano-svfprintf.o)
 .rodata._printf_i.str1.1
                0x00000000080043d3       0x22 c:/st/stm32cubeide_1.7.0/stm32cubeide/plugins/com.st.stm32cube.ide.mcu.externaltools.gnu-tools-for-stm32.9-2020-q2-update.win32_2.0.0.202105311346/tools/bin/../lib/gcc/arm-none-eabi/9.3.1/../../../../arm-none-eabi/lib/thumb/v7-m/nofp\libc_nano.a(lib_a-nano-vfprintf_i.o)
                0x00000000080043f8                . = ALIGN (0x4)
 *fill*         0x00000000080043f5        0x3 

.rel.dyn        0x00000000080043f8        0x0
 .rel.iplt      0x00000000080043f8        0x0 c:/st/stm32cubeide_1.7.0/stm32cubeide/plugins/com.st.stm32cube.ide.mcu.externaltools.gnu-tools-for-stm32.9-2020-q2-update.win32_2.0.0.202105311346/tools/bin/../lib/gcc/arm-none-eabi/9.3.1/thumb/v7-m/nofp/crtbegin.o

.ARM.extab      0x00000000080043f8        0x0
                0x00000000080043f8                . = ALIGN (0x4)
 *(.ARM.extab* .gnu.linkonce.armextab.*)
                0x00000000080043f8                . = ALIGN (0x4)

.ARM            0x00000000080043f8        0x0
                0x00000000080043f8                . = ALIGN (0x4)
                0x00000000080043f8                __exidx_start = .
 *(.ARM.exidx*)
                0x00000000080043f8                __exidx_end = .
                0x00000000080043f8                . = ALIGN (0x4)

.preinit_array  0x00000000080043f8        0x0
                0x00000000080043f8                . = ALIGN (0x4)
                0x00000000080043f8                PROVIDE (__preinit_array_start = .)
 *(.preinit_array*)
                0x00000000080043f8                PROVIDE (__preinit_array_end = .)
                0x00000000080043f8                . = ALIGN (0x4)

.init_array     0x00000000080043f8        0x4
                0x00000000080043f8                . = ALIGN (0x4)
                0x00000000080043f8                PROVIDE (__init_array_start = .)
 *(SORT_BY_NAME(.init_array.*))
 *(.init_array*)
 .init_array    0x00000000080043f8        0x4 c:/st/stm32cubeide_1.7.0/stm32cubeide/plugins/com.st.stm32cube.ide.mcu.externaltools.gnu-tools-for-stm32.9-2020-q2-update.win32_2.0.0.202105311346/tools/bin/../lib/gcc/arm-none-eabi/9.3.1/thumb/v7-m/nofp/crtbegin.o
                0x00000000080043fc                PROVIDE (__init_array_end = .)
                0x00000000080043fc                . = ALIGN (0x4)

.fini_array     0x00000000080043fc        0x4
                0x00000000080043fc                . = ALIGN (0x4)
                [!provide]                        PROVIDE (__fini_array_start = .)
 *(SORT_BY_NAME(.fini_array.*))
 *(.fini_array*)
 .fini_array    0x00000000080043fc        0x4 c:/st/stm32cubeide_1.7.0/stm32cubeide/plugins/com.st.stm32cube.ide.mcu.externaltools.gnu-tools-for-stm32.9-2020-q2-update.win32_2.0.0.202105311346/tools/bin/../lib/gcc/arm-none-eabi/9.3.1/thumb/v7-m/nofp/crtbegin.o
                [!provide]                        PROVIDE (__fini_array_end = .)
                0x0000000008004400                . = ALIGN (0x4)
                0x0000000008004400                _sidata = LOADADDR (.data)

.data           0x0000000020000000       0xb0 load address 0x0000000008004400
                0x0000000020000000                . = ALIGN (0x4)
                0x0000000020000000                _sdata = .
 *(.data)
 *(.data*)
 .data.KeyReg0_1
                0x0000000020000000        0x4 ./Core/Src/button.o
                0x0000000020000000                KeyReg0_1
 .data.KeyReg1_1
                0x0000000020000004        0x4 ./Core/Src/button.o
                0x0000000020000004                KeyReg1_1
 .data.KeyReg2_1
                0x0000000020000008        0x4 ./Core/Src/button.o
                0x0000000020000008                KeyReg2_1
 .data.KeyReg0_2
                0x000000002000000c        0x4 ./Core/Src/button.o
                0x000000002000000c                KeyReg0_2
 .data.KeyReg1_2
                0x0000000020000010        0x4 ./Core/Src/button.o
                0x0000000020000010                KeyReg1_2
 .data.KeyReg2_2
                0x0000000020000014        0x4 ./Core/Src/button.o
                0x0000000020000014                KeyReg2_2
 .data.KeyReg0_3
                0x0000000020000018        0x4 ./Core/Src/button.o
                0x0000000020000018                KeyReg0_3
 .data.KeyReg1_3
                0x000000002000001c        0x4 ./Core/Src/button.o
                0x000000002000001c                KeyReg1_3
 .data.KeyReg2_3
                0x0000000020000020        0x4 ./Core/Src/button.o
                0x0000000020000020                KeyReg2_3
 .data.TimeOutForKeyPress1
                0x0000000020000024        0x4 ./Core/Src/button.o
                0x0000000020000024                TimeOutForKeyPress1
 .data.TimeOutForKeyPress2
                0x0000000020000028        0x4 ./Core/Src/button.o
                0x0000000020000028                TimeOutForKeyPress2
 .data.TimeOutForKeyPress3
                0x000000002000002c        0x4 ./Core/Src/button.o
                0x000000002000002c                TimeOutForKeyPress3
 .data.mode     0x0000000020000030        0x4 ./Core/Src/fsm_setting.o
                0x0000000020000030                mode
 .data.duration_G
                0x0000000020000034        0x4 ./Core/Src/global_var.o
                0x0000000020000034                duration_G
 .data.duration_R
                0x0000000020000038        0x4 ./Core/Src/global_var.o
                0x0000000020000038                duration_R
 .data.duration_Y
                0x000000002000003c        0x4 ./Core/Src/global_var.o
                0x000000002000003c                duration_Y
 .data.SystemCoreClock
                0x0000000020000040        0x4 ./Core/Src/system_stm32f1xx.o
                0x0000000020000040                SystemCoreClock
 .data.uwTickPrio
                0x0000000020000044        0x4 ./Drivers/STM32F1xx_HAL_Driver/Src/stm32f1xx_hal.o
                0x0000000020000044                uwTickPrio
 .data.uwTickFreq
                0x0000000020000048        0x1 ./Drivers/STM32F1xx_HAL_Driver/Src/stm32f1xx_hal.o
                0x0000000020000048                uwTickFreq
 *fill*         0x0000000020000049        0x3 
 .data._impure_ptr
                0x000000002000004c        0x4 c:/st/stm32cubeide_1.7.0/stm32cubeide/plugins/com.st.stm32cube.ide.mcu.externaltools.gnu-tools-for-stm32.9-2020-q2-update.win32_2.0.0.202105311346/tools/bin/../lib/gcc/arm-none-eabi/9.3.1/../../../../arm-none-eabi/lib/thumb/v7-m/nofp\libc_nano.a(lib_a-impure.o)
                0x000000002000004c                _impure_ptr
 .data.impure_data
                0x0000000020000050       0x60 c:/st/stm32cubeide_1.7.0/stm32cubeide/plugins/com.st.stm32cube.ide.mcu.externaltools.gnu-tools-for-stm32.9-2020-q2-update.win32_2.0.0.202105311346/tools/bin/../lib/gcc/arm-none-eabi/9.3.1/../../../../arm-none-eabi/lib/thumb/v7-m/nofp\libc_nano.a(lib_a-impure.o)
 *(.RamFunc)
 *(.RamFunc*)
                0x00000000200000b0                . = ALIGN (0x4)
                0x00000000200000b0                _edata = .

.igot.plt       0x00000000200000b0        0x0 load address 0x00000000080044b0
 .igot.plt      0x00000000200000b0        0x0 c:/st/stm32cubeide_1.7.0/stm32cubeide/plugins/com.st.stm32cube.ide.mcu.externaltools.gnu-tools-for-stm32.9-2020-q2-update.win32_2.0.0.202105311346/tools/bin/../lib/gcc/arm-none-eabi/9.3.1/thumb/v7-m/nofp/crtbegin.o
                0x00000000200000b0                . = ALIGN (0x4)

.bss            0x00000000200000b0      0x194 load address 0x00000000080044b0
                0x00000000200000b0                _sbss = .
                0x00000000200000b0                __bss_start__ = _sbss
 *(.bss)
 .bss           0x00000000200000b0       0x1c c:/st/stm32cubeide_1.7.0/stm32cubeide/plugins/com.st.stm32cube.ide.mcu.externaltools.gnu-tools-for-stm32.9-2020-q2-update.win32_2.0.0.202105311346/tools/bin/../lib/gcc/arm-none-eabi/9.3.1/thumb/v7-m/nofp/crtbegin.o
 *(.bss*)
 .bss.status    0x00000000200000cc        0x4 ./Core/Src/global_var.o
                0x00000000200000cc                status
 .bss.duration_ADD
                0x00000000200000d0        0x4 ./Core/Src/global_var.o
                0x00000000200000d0                duration_ADD
 .bss.count     0x00000000200000d4        0x4 ./Core/Src/global_var.o
                0x00000000200000d4                count
 .bss.button1_long_pressed
                0x00000000200000d8        0x4 ./Core/Src/global_var.o
                0x00000000200000d8                button1_long_pressed
 .bss.button2_long_pressed
                0x00000000200000dc        0x4 ./Core/Src/global_var.o
                0x00000000200000dc                button2_long_pressed
 .bss.button3_long_pressed
                0x00000000200000e0        0x4 ./Core/Src/global_var.o
                0x00000000200000e0                button3_long_pressed
 .bss.button1_flag
                0x00000000200000e4        0x4 ./Core/Src/global_var.o
                0x00000000200000e4                button1_flag
 .bss.button2_flag
                0x00000000200000e8        0x4 ./Core/Src/global_var.o
                0x00000000200000e8                button2_flag
 .bss.button3_flag
                0x00000000200000ec        0x4 ./Core/Src/global_var.o
                0x00000000200000ec                button3_flag
 .bss.__sbrk_heap_end
                0x00000000200000f0        0x4 ./Core/Src/sysmem.o
 .bss.__malloc_free_list
                0x00000000200000f4        0x4 c:/st/stm32cubeide_1.7.0/stm32cubeide/plugins/com.st.stm32cube.ide.mcu.externaltools.gnu-tools-for-stm32.9-2020-q2-update.win32_2.0.0.202105311346/tools/bin/../lib/gcc/arm-none-eabi/9.3.1/../../../../arm-none-eabi/lib/thumb/v7-m/nofp\libc_nano.a(lib_a-nano-mallocr.o)
                0x00000000200000f4                __malloc_free_list
 .bss.__malloc_sbrk_start
                0x00000000200000f8        0x4 c:/st/stm32cubeide_1.7.0/stm32cubeide/plugins/com.st.stm32cube.ide.mcu.externaltools.gnu-tools-for-stm32.9-2020-q2-update.win32_2.0.0.202105311346/tools/bin/../lib/gcc/arm-none-eabi/9.3.1/../../../../arm-none-eabi/lib/thumb/v7-m/nofp\libc_nano.a(lib_a-nano-mallocr.o)
                0x00000000200000f8                __malloc_sbrk_start
 *(COMMON)
 COMMON         0x00000000200000fc       0xe4 ./Core/Src/main.o
                0x00000000200000fc                hi2c1
                0x0000000020000150                htim2
                0x0000000020000198                huart2
 COMMON         0x00000000200001e0       0x50 ./Core/Src/software_timer.o
                0x00000000200001e0                timer_counter
                0x0000000020000208                timer_flag
 COMMON         0x0000000020000230        0x4 ./Drivers/STM32F1xx_HAL_Driver/Src/stm32f1xx_hal.o
                0x0000000020000230                uwTick
 COMMON         0x0000000020000234        0x4 c:/st/stm32cubeide_1.7.0/stm32cubeide/plugins/com.st.stm32cube.ide.mcu.externaltools.gnu-tools-for-stm32.9-2020-q2-update.win32_2.0.0.202105311346/tools/bin/../lib/gcc/arm-none-eabi/9.3.1/../../../../arm-none-eabi/lib/thumb/v7-m/nofp\libc_nano.a(lib_a-reent.o)
                0x0000000020000234                errno
 COMMON         0x0000000020000238        0x9 c:/st/stm32cubeide_1.7.0/stm32cubeide/plugins/com.st.stm32cube.ide.mcu.externaltools.gnu-tools-for-stm32.9-2020-q2-update.win32_2.0.0.202105311346/tools/bin/../lib/gcc/arm-none-eabi/9.3.1/../../../../arm-none-eabi/lib/thumb/v7-m/nofp\libc_nano.a(lib_a-lock.o)
                0x0000000020000238                __lock___atexit_recursive_mutex
                0x0000000020000239                __lock___arc4random_mutex
                0x000000002000023a                __lock___env_recursive_mutex
                0x000000002000023b                __lock___sinit_recursive_mutex
                0x000000002000023c                __lock___malloc_recursive_mutex
                0x000000002000023d                __lock___at_quick_exit_mutex
                0x000000002000023e                __lock___dd_hash_mutex
                0x000000002000023f                __lock___tz_mutex
                0x0000000020000240                __lock___sfp_recursive_mutex
                0x0000000020000244                . = ALIGN (0x4)
 *fill*         0x0000000020000241        0x3 
                0x0000000020000244                _ebss = .
                0x0000000020000244                __bss_end__ = _ebss

._user_heap_stack
                0x0000000020000244      0x604 load address 0x00000000080044b0
                0x0000000020000248                . = ALIGN (0x8)
 *fill*         0x0000000020000244        0x4 
                [!provide]                        PROVIDE (end = .)
                0x0000000020000248                PROVIDE (_end = .)
                0x0000000020000448                . = (. + _Min_Heap_Size)
 *fill*         0x0000000020000248      0x200 
                0x0000000020000848                . = (. + _Min_Stack_Size)
 *fill*         0x0000000020000448      0x400 
                0x0000000020000848                . = ALIGN (0x8)

/DISCARD/
 libc.a(*)
 libm.a(*)
 libgcc.a(*)

.ARM.attributes
                0x0000000000000000       0x29
 *(.ARM.attributes)
 .ARM.attributes
                0x0000000000000000       0x1d c:/st/stm32cubeide_1.7.0/stm32cubeide/plugins/com.st.stm32cube.ide.mcu.externaltools.gnu-tools-for-stm32.9-2020-q2-update.win32_2.0.0.202105311346/tools/bin/../lib/gcc/arm-none-eabi/9.3.1/thumb/v7-m/nofp/crti.o
 .ARM.attributes
                0x000000000000001d       0x2d c:/st/stm32cubeide_1.7.0/stm32cubeide/plugins/com.st.stm32cube.ide.mcu.externaltools.gnu-tools-for-stm32.9-2020-q2-update.win32_2.0.0.202105311346/tools/bin/../lib/gcc/arm-none-eabi/9.3.1/thumb/v7-m/nofp/crtbegin.o
 .ARM.attributes
                0x000000000000004a       0x2d ./Core/Src/button.o
 .ARM.attributes
                0x0000000000000077       0x2d ./Core/Src/fsm_auto.o
 .ARM.attributes
                0x00000000000000a4       0x2d ./Core/Src/fsm_edit.o
 .ARM.attributes
                0x00000000000000d1       0x2d ./Core/Src/fsm_setting.o
 .ARM.attributes
                0x00000000000000fe       0x33 ./Core/Src/global_var.o
 .ARM.attributes
                0x0000000000000131       0x2d ./Core/Src/i2c_LCD.o
 .ARM.attributes
                0x000000000000015e       0x2d ./Core/Src/light_traffic.o
 .ARM.attributes
                0x000000000000018b       0x2d ./Core/Src/main.o
 .ARM.attributes
                0x00000000000001b8       0x2d ./Core/Src/software_timer.o
 .ARM.attributes
                0x00000000000001e5       0x2d ./Core/Src/stm32f1xx_hal_msp.o
 .ARM.attributes
                0x0000000000000212       0x2d ./Core/Src/stm32f1xx_it.o
 .ARM.attributes
                0x000000000000023f       0x2d ./Core/Src/sysmem.o
 .ARM.attributes
                0x000000000000026c       0x2d ./Core/Src/system_stm32f1xx.o
 .ARM.attributes
                0x0000000000000299       0x21 ./Core/Startup/startup_stm32f103rbtx.o
 .ARM.attributes
                0x00000000000002ba       0x2d ./Drivers/STM32F1xx_HAL_Driver/Src/stm32f1xx_hal.o
 .ARM.attributes
                0x00000000000002e7       0x2d ./Drivers/STM32F1xx_HAL_Driver/Src/stm32f1xx_hal_cortex.o
 .ARM.attributes
                0x0000000000000314       0x2d ./Drivers/STM32F1xx_HAL_Driver/Src/stm32f1xx_hal_gpio.o
 .ARM.attributes
                0x0000000000000341       0x2d ./Drivers/STM32F1xx_HAL_Driver/Src/stm32f1xx_hal_i2c.o
 .ARM.attributes
                0x000000000000036e       0x2d ./Drivers/STM32F1xx_HAL_Driver/Src/stm32f1xx_hal_rcc.o
 .ARM.attributes
                0x000000000000039b       0x2d ./Drivers/STM32F1xx_HAL_Driver/Src/stm32f1xx_hal_tim.o
 .ARM.attributes
                0x00000000000003c8       0x2d ./Drivers/STM32F1xx_HAL_Driver/Src/stm32f1xx_hal_tim_ex.o
 .ARM.attributes
                0x00000000000003f5       0x2d ./Drivers/STM32F1xx_HAL_Driver/Src/stm32f1xx_hal_uart.o
 .ARM.attributes
                0x0000000000000422       0x2d c:/st/stm32cubeide_1.7.0/stm32cubeide/plugins/com.st.stm32cube.ide.mcu.externaltools.gnu-tools-for-stm32.9-2020-q2-update.win32_2.0.0.202105311346/tools/bin/../lib/gcc/arm-none-eabi/9.3.1/../../../../arm-none-eabi/lib/thumb/v7-m/nofp\libc_nano.a(lib_a-errno.o)
 .ARM.attributes
                0x000000000000044f       0x2d c:/st/stm32cubeide_1.7.0/stm32cubeide/plugins/com.st.stm32cube.ide.mcu.externaltools.gnu-tools-for-stm32.9-2020-q2-update.win32_2.0.0.202105311346/tools/bin/../lib/gcc/arm-none-eabi/9.3.1/../../../../arm-none-eabi/lib/thumb/v7-m/nofp\libc_nano.a(lib_a-impure.o)
 .ARM.attributes
                0x000000000000047c       0x2d c:/st/stm32cubeide_1.7.0/stm32cubeide/plugins/com.st.stm32cube.ide.mcu.externaltools.gnu-tools-for-stm32.9-2020-q2-update.win32_2.0.0.202105311346/tools/bin/../lib/gcc/arm-none-eabi/9.3.1/../../../../arm-none-eabi/lib/thumb/v7-m/nofp\libc_nano.a(lib_a-init.o)
 .ARM.attributes
                0x00000000000004a9       0x2d c:/st/stm32cubeide_1.7.0/stm32cubeide/plugins/com.st.stm32cube.ide.mcu.externaltools.gnu-tools-for-stm32.9-2020-q2-update.win32_2.0.0.202105311346/tools/bin/../lib/gcc/arm-none-eabi/9.3.1/../../../../arm-none-eabi/lib/thumb/v7-m/nofp\libc_nano.a(lib_a-memset.o)
 .ARM.attributes
                0x00000000000004d6       0x2d c:/st/stm32cubeide_1.7.0/stm32cubeide/plugins/com.st.stm32cube.ide.mcu.externaltools.gnu-tools-for-stm32.9-2020-q2-update.win32_2.0.0.202105311346/tools/bin/../lib/gcc/arm-none-eabi/9.3.1/../../../../arm-none-eabi/lib/thumb/v7-m/nofp\libc_nano.a(lib_a-sprintf.o)
 .ARM.attributes
                0x0000000000000503       0x2d c:/st/stm32cubeide_1.7.0/stm32cubeide/plugins/com.st.stm32cube.ide.mcu.externaltools.gnu-tools-for-stm32.9-2020-q2-update.win32_2.0.0.202105311346/tools/bin/../lib/gcc/arm-none-eabi/9.3.1/../../../../arm-none-eabi/lib/thumb/v7-m/nofp\libc_nano.a(lib_a-nano-svfprintf.o)
 .ARM.attributes
                0x0000000000000530       0x2d c:/st/stm32cubeide_1.7.0/stm32cubeide/plugins/com.st.stm32cube.ide.mcu.externaltools.gnu-tools-for-stm32.9-2020-q2-update.win32_2.0.0.202105311346/tools/bin/../lib/gcc/arm-none-eabi/9.3.1/../../../../arm-none-eabi/lib/thumb/v7-m/nofp\libc_nano.a(lib_a-nano-vfprintf_i.o)
 .ARM.attributes
                0x000000000000055d       0x2d c:/st/stm32cubeide_1.7.0/stm32cubeide/plugins/com.st.stm32cube.ide.mcu.externaltools.gnu-tools-for-stm32.9-2020-q2-update.win32_2.0.0.202105311346/tools/bin/../lib/gcc/arm-none-eabi/9.3.1/../../../../arm-none-eabi/lib/thumb/v7-m/nofp\libc_nano.a(lib_a-memchr-stub.o)
 .ARM.attributes
                0x000000000000058a       0x2d c:/st/stm32cubeide_1.7.0/stm32cubeide/plugins/com.st.stm32cube.ide.mcu.externaltools.gnu-tools-for-stm32.9-2020-q2-update.win32_2.0.0.202105311346/tools/bin/../lib/gcc/arm-none-eabi/9.3.1/../../../../arm-none-eabi/lib/thumb/v7-m/nofp\libc_nano.a(lib_a-memcpy-stub.o)
 .ARM.attributes
                0x00000000000005b7       0x2d c:/st/stm32cubeide_1.7.0/stm32cubeide/plugins/com.st.stm32cube.ide.mcu.externaltools.gnu-tools-for-stm32.9-2020-q2-update.win32_2.0.0.202105311346/tools/bin/../lib/gcc/arm-none-eabi/9.3.1/../../../../arm-none-eabi/lib/thumb/v7-m/nofp\libc_nano.a(lib_a-memmove.o)
 .ARM.attributes
                0x00000000000005e4       0x2d c:/st/stm32cubeide_1.7.0/stm32cubeide/plugins/com.st.stm32cube.ide.mcu.externaltools.gnu-tools-for-stm32.9-2020-q2-update.win32_2.0.0.202105311346/tools/bin/../lib/gcc/arm-none-eabi/9.3.1/../../../../arm-none-eabi/lib/thumb/v7-m/nofp\libc_nano.a(lib_a-nano-freer.o)
 .ARM.attributes
                0x0000000000000611       0x2d c:/st/stm32cubeide_1.7.0/stm32cubeide/plugins/com.st.stm32cube.ide.mcu.externaltools.gnu-tools-for-stm32.9-2020-q2-update.win32_2.0.0.202105311346/tools/bin/../lib/gcc/arm-none-eabi/9.3.1/../../../../arm-none-eabi/lib/thumb/v7-m/nofp\libc_nano.a(lib_a-nano-mallocr.o)
 .ARM.attributes
                0x000000000000063e       0x2d c:/st/stm32cubeide_1.7.0/stm32cubeide/plugins/com.st.stm32cube.ide.mcu.externaltools.gnu-tools-for-stm32.9-2020-q2-update.win32_2.0.0.202105311346/tools/bin/../lib/gcc/arm-none-eabi/9.3.1/../../../../arm-none-eabi/lib/thumb/v7-m/nofp\libc_nano.a(lib_a-nano-reallocr.o)
 .ARM.attributes
                0x000000000000066b       0x2d c:/st/stm32cubeide_1.7.0/stm32cubeide/plugins/com.st.stm32cube.ide.mcu.externaltools.gnu-tools-for-stm32.9-2020-q2-update.win32_2.0.0.202105311346/tools/bin/../lib/gcc/arm-none-eabi/9.3.1/../../../../arm-none-eabi/lib/thumb/v7-m/nofp\libc_nano.a(lib_a-sbrkr.o)
 .ARM.attributes
                0x0000000000000698       0x2d c:/st/stm32cubeide_1.7.0/stm32cubeide/plugins/com.st.stm32cube.ide.mcu.externaltools.gnu-tools-for-stm32.9-2020-q2-update.win32_2.0.0.202105311346/tools/bin/../lib/gcc/arm-none-eabi/9.3.1/../../../../arm-none-eabi/lib/thumb/v7-m/nofp\libc_nano.a(lib_a-mlock.o)
 .ARM.attributes
                0x00000000000006c5       0x2d c:/st/stm32cubeide_1.7.0/stm32cubeide/plugins/com.st.stm32cube.ide.mcu.externaltools.gnu-tools-for-stm32.9-2020-q2-update.win32_2.0.0.202105311346/tools/bin/../lib/gcc/arm-none-eabi/9.3.1/../../../../arm-none-eabi/lib/thumb/v7-m/nofp\libc_nano.a(lib_a-nano-msizer.o)
 .ARM.attributes
                0x00000000000006f2       0x2d c:/st/stm32cubeide_1.7.0/stm32cubeide/plugins/com.st.stm32cube.ide.mcu.externaltools.gnu-tools-for-stm32.9-2020-q2-update.win32_2.0.0.202105311346/tools/bin/../lib/gcc/arm-none-eabi/9.3.1/../../../../arm-none-eabi/lib/thumb/v7-m/nofp\libc_nano.a(lib_a-reent.o)
 .ARM.attributes
                0x000000000000071f       0x2d c:/st/stm32cubeide_1.7.0/stm32cubeide/plugins/com.st.stm32cube.ide.mcu.externaltools.gnu-tools-for-stm32.9-2020-q2-update.win32_2.0.0.202105311346/tools/bin/../lib/gcc/arm-none-eabi/9.3.1/../../../../arm-none-eabi/lib/thumb/v7-m/nofp\libc_nano.a(lib_a-lock.o)
 .ARM.attributes
                0x000000000000074c       0x1d c:/st/stm32cubeide_1.7.0/stm32cubeide/plugins/com.st.stm32cube.ide.mcu.externaltools.gnu-tools-for-stm32.9-2020-q2-update.win32_2.0.0.202105311346/tools/bin/../lib/gcc/arm-none-eabi/9.3.1/thumb/v7-m/nofp/crtn.o
OUTPUT(Project_VXL.elf elf32-littlearm)
LOAD linker stubs
LOAD c:/st/stm32cubeide_1.7.0/stm32cubeide/plugins/com.st.stm32cube.ide.mcu.externaltools.gnu-tools-for-stm32.9-2020-q2-update.win32_2.0.0.202105311346/tools/bin/../lib/gcc/arm-none-eabi/9.3.1/../../../../arm-none-eabi/lib/thumb/v7-m/nofp\libc.a
LOAD c:/st/stm32cubeide_1.7.0/stm32cubeide/plugins/com.st.stm32cube.ide.mcu.externaltools.gnu-tools-for-stm32.9-2020-q2-update.win32_2.0.0.202105311346/tools/bin/../lib/gcc/arm-none-eabi/9.3.1/../../../../arm-none-eabi/lib/thumb/v7-m/nofp\libm.a
LOAD c:/st/stm32cubeide_1.7.0/stm32cubeide/plugins/com.st.stm32cube.ide.mcu.externaltools.gnu-tools-for-stm32.9-2020-q2-update.win32_2.0.0.202105311346/tools/bin/../lib/gcc/arm-none-eabi/9.3.1/thumb/v7-m/nofp\libgcc.a

.debug_info     0x0000000000000000    0x145b6
 .debug_info    0x0000000000000000      0xd7f ./Core/Src/button.o
 .debug_info    0x0000000000000d7f      0xaf8 ./Core/Src/fsm_auto.o
 .debug_info    0x0000000000001877      0xba5 ./Core/Src/fsm_edit.o
 .debug_info    0x000000000000241c      0xb18 ./Core/Src/fsm_setting.o
 .debug_info    0x0000000000002f34      0x2d3 ./Core/Src/global_var.o
 .debug_info    0x0000000000003207     0x10cd ./Core/Src/i2c_LCD.o
 .debug_info    0x00000000000042d4      0x287 ./Core/Src/light_traffic.o
 .debug_info    0x000000000000455b     0x1bcb ./Core/Src/main.o
 .debug_info    0x0000000000006126       0xd3 ./Core/Src/software_timer.o
 .debug_info    0x00000000000061f9     0x1150 ./Core/Src/stm32f1xx_hal_msp.o
 .debug_info    0x0000000000007349      0x7e3 ./Core/Src/stm32f1xx_it.o
 .debug_info    0x0000000000007b2c      0xa25 ./Core/Src/sysmem.o
 .debug_info    0x0000000000008551      0x2be ./Core/Src/system_stm32f1xx.o
 .debug_info    0x000000000000880f       0x22 ./Core/Startup/startup_stm32f103rbtx.o
 .debug_info    0x0000000000008831      0x76a ./Drivers/STM32F1xx_HAL_Driver/Src/stm32f1xx_hal.o
 .debug_info    0x0000000000008f9b      0xbdc ./Drivers/STM32F1xx_HAL_Driver/Src/stm32f1xx_hal_cortex.o
 .debug_info    0x0000000000009b77      0x701 ./Drivers/STM32F1xx_HAL_Driver/Src/stm32f1xx_hal_gpio.o
 .debug_info    0x000000000000a278     0x27cb ./Drivers/STM32F1xx_HAL_Driver/Src/stm32f1xx_hal_i2c.o
 .debug_info    0x000000000000ca43      0x893 ./Drivers/STM32F1xx_HAL_Driver/Src/stm32f1xx_hal_rcc.o
 .debug_info    0x000000000000d2d6     0x2c32 ./Drivers/STM32F1xx_HAL_Driver/Src/stm32f1xx_hal_tim.o
 .debug_info    0x000000000000ff08     0x157f ./Drivers/STM32F1xx_HAL_Driver/Src/stm32f1xx_hal_tim_ex.o
 .debug_info    0x0000000000011487     0x312f ./Drivers/STM32F1xx_HAL_Driver/Src/stm32f1xx_hal_uart.o

.debug_abbrev   0x0000000000000000     0x2998
 .debug_abbrev  0x0000000000000000      0x24d ./Core/Src/button.o
 .debug_abbrev  0x000000000000024d      0x1c8 ./Core/Src/fsm_auto.o
 .debug_abbrev  0x0000000000000415      0x1e0 ./Core/Src/fsm_edit.o
 .debug_abbrev  0x00000000000005f5      0x1d7 ./Core/Src/fsm_setting.o
 .debug_abbrev  0x00000000000007cc       0xc9 ./Core/Src/global_var.o
 .debug_abbrev  0x0000000000000895      0x22f ./Core/Src/i2c_LCD.o
 .debug_abbrev  0x0000000000000ac4       0xff ./Core/Src/light_traffic.o
 .debug_abbrev  0x0000000000000bc3      0x313 ./Core/Src/main.o
 .debug_abbrev  0x0000000000000ed6       0xd3 ./Core/Src/software_timer.o
 .debug_abbrev  0x0000000000000fa9      0x1c8 ./Core/Src/stm32f1xx_hal_msp.o
 .debug_abbrev  0x0000000000001171      0x176 ./Core/Src/stm32f1xx_it.o
 .debug_abbrev  0x00000000000012e7      0x1bf ./Core/Src/sysmem.o
 .debug_abbrev  0x00000000000014a6      0x14e ./Core/Src/system_stm32f1xx.o
 .debug_abbrev  0x00000000000015f4       0x12 ./Core/Startup/startup_stm32f103rbtx.o
 .debug_abbrev  0x0000000000001606      0x1ed ./Drivers/STM32F1xx_HAL_Driver/Src/stm32f1xx_hal.o
 .debug_abbrev  0x00000000000017f3      0x313 ./Drivers/STM32F1xx_HAL_Driver/Src/stm32f1xx_hal_cortex.o
 .debug_abbrev  0x0000000000001b06      0x1e8 ./Drivers/STM32F1xx_HAL_Driver/Src/stm32f1xx_hal_gpio.o
 .debug_abbrev  0x0000000000001cee      0x288 ./Drivers/STM32F1xx_HAL_Driver/Src/stm32f1xx_hal_i2c.o
 .debug_abbrev  0x0000000000001f76      0x273 ./Drivers/STM32F1xx_HAL_Driver/Src/stm32f1xx_hal_rcc.o
 .debug_abbrev  0x00000000000021e9      0x25e ./Drivers/STM32F1xx_HAL_Driver/Src/stm32f1xx_hal_tim.o
 .debug_abbrev  0x0000000000002447      0x266 ./Drivers/STM32F1xx_HAL_Driver/Src/stm32f1xx_hal_tim_ex.o
 .debug_abbrev  0x00000000000026ad      0x2eb ./Drivers/STM32F1xx_HAL_Driver/Src/stm32f1xx_hal_uart.o

.debug_aranges  0x0000000000000000      0xfd0
 .debug_aranges
                0x0000000000000000       0x60 ./Core/Src/button.o
 .debug_aranges
                0x0000000000000060       0x20 ./Core/Src/fsm_auto.o
 .debug_aranges
                0x0000000000000080       0x20 ./Core/Src/fsm_edit.o
 .debug_aranges
                0x00000000000000a0       0x28 ./Core/Src/fsm_setting.o
 .debug_aranges
                0x00000000000000c8       0x18 ./Core/Src/global_var.o
 .debug_aranges
                0x00000000000000e0       0x50 ./Core/Src/i2c_LCD.o
 .debug_aranges
                0x0000000000000130       0x40 ./Core/Src/light_traffic.o
 .debug_aranges
                0x0000000000000170       0x58 ./Core/Src/main.o
 .debug_aranges
                0x00000000000001c8       0x28 ./Core/Src/software_timer.o
 .debug_aranges
                0x00000000000001f0       0x50 ./Core/Src/stm32f1xx_hal_msp.o
 .debug_aranges
                0x0000000000000240       0x70 ./Core/Src/stm32f1xx_it.o
 .debug_aranges
                0x00000000000002b0       0x20 ./Core/Src/sysmem.o
 .debug_aranges
                0x00000000000002d0       0x28 ./Core/Src/system_stm32f1xx.o
 .debug_aranges
                0x00000000000002f8       0x28 ./Core/Startup/startup_stm32f103rbtx.o
 .debug_aranges
                0x0000000000000320       0xe0 ./Drivers/STM32F1xx_HAL_Driver/Src/stm32f1xx_hal.o
 .debug_aranges
                0x0000000000000400      0x100 ./Drivers/STM32F1xx_HAL_Driver/Src/stm32f1xx_hal_cortex.o
 .debug_aranges
                0x0000000000000500       0x58 ./Drivers/STM32F1xx_HAL_Driver/Src/stm32f1xx_hal_gpio.o
 .debug_aranges
                0x0000000000000558      0x2a8 ./Drivers/STM32F1xx_HAL_Driver/Src/stm32f1xx_hal_i2c.o
 .debug_aranges
                0x0000000000000800       0x90 ./Drivers/STM32F1xx_HAL_Driver/Src/stm32f1xx_hal_rcc.o
 .debug_aranges
                0x0000000000000890      0x3d0 ./Drivers/STM32F1xx_HAL_Driver/Src/stm32f1xx_hal_tim.o
 .debug_aranges
                0x0000000000000c60      0x168 ./Drivers/STM32F1xx_HAL_Driver/Src/stm32f1xx_hal_tim_ex.o
 .debug_aranges
                0x0000000000000dc8      0x208 ./Drivers/STM32F1xx_HAL_Driver/Src/stm32f1xx_hal_uart.o

.debug_ranges   0x0000000000000000      0xeb8
 .debug_ranges  0x0000000000000000       0x50 ./Core/Src/button.o
 .debug_ranges  0x0000000000000050       0x10 ./Core/Src/fsm_auto.o
 .debug_ranges  0x0000000000000060       0x10 ./Core/Src/fsm_edit.o
 .debug_ranges  0x0000000000000070       0x18 ./Core/Src/fsm_setting.o
 .debug_ranges  0x0000000000000088       0x40 ./Core/Src/i2c_LCD.o
 .debug_ranges  0x00000000000000c8       0x30 ./Core/Src/light_traffic.o
 .debug_ranges  0x00000000000000f8       0x48 ./Core/Src/main.o
 .debug_ranges  0x0000000000000140       0x18 ./Core/Src/software_timer.o
 .debug_ranges  0x0000000000000158       0x40 ./Core/Src/stm32f1xx_hal_msp.o
 .debug_ranges  0x0000000000000198       0x60 ./Core/Src/stm32f1xx_it.o
 .debug_ranges  0x00000000000001f8       0x10 ./Core/Src/sysmem.o
 .debug_ranges  0x0000000000000208       0x18 ./Core/Src/system_stm32f1xx.o
 .debug_ranges  0x0000000000000220       0x20 ./Core/Startup/startup_stm32f103rbtx.o
 .debug_ranges  0x0000000000000240       0xd0 ./Drivers/STM32F1xx_HAL_Driver/Src/stm32f1xx_hal.o
 .debug_ranges  0x0000000000000310       0xf0 ./Drivers/STM32F1xx_HAL_Driver/Src/stm32f1xx_hal_cortex.o
 .debug_ranges  0x0000000000000400       0x48 ./Drivers/STM32F1xx_HAL_Driver/Src/stm32f1xx_hal_gpio.o
 .debug_ranges  0x0000000000000448      0x2b0 ./Drivers/STM32F1xx_HAL_Driver/Src/stm32f1xx_hal_i2c.o
 .debug_ranges  0x00000000000006f8       0x80 ./Drivers/STM32F1xx_HAL_Driver/Src/stm32f1xx_hal_rcc.o
 .debug_ranges  0x0000000000000778      0x3c0 ./Drivers/STM32F1xx_HAL_Driver/Src/stm32f1xx_hal_tim.o
 .debug_ranges  0x0000000000000b38      0x158 ./Drivers/STM32F1xx_HAL_Driver/Src/stm32f1xx_hal_tim_ex.o
 .debug_ranges  0x0000000000000c90      0x228 ./Drivers/STM32F1xx_HAL_Driver/Src/stm32f1xx_hal_uart.o

.debug_macro    0x0000000000000000    0x194ed
 .debug_macro   0x0000000000000000      0x372 ./Core/Src/button.o
 .debug_macro   0x0000000000000372      0xa9c ./Core/Src/button.o
 .debug_macro   0x0000000000000e0e      0x221 ./Core/Src/button.o
 .debug_macro   0x000000000000102f       0x2e ./Core/Src/button.o
 .debug_macro   0x000000000000105d       0x22 ./Core/Src/button.o
 .debug_macro   0x000000000000107f       0x22 ./Core/Src/button.o
 .debug_macro   0x00000000000010a1       0x8e ./Core/Src/button.o
 .debug_macro   0x000000000000112f       0x51 ./Core/Src/button.o
 .debug_macro   0x0000000000001180      0x103 ./Core/Src/button.o
 .debug_macro   0x0000000000001283       0x6a ./Core/Src/button.o
 .debug_macro   0x00000000000012ed      0x1df ./Core/Src/button.o
 .debug_macro   0x00000000000014cc       0x1c ./Core/Src/button.o
 .debug_macro   0x00000000000014e8       0x22 ./Core/Src/button.o
 .debug_macro   0x000000000000150a       0xc3 ./Core/Src/button.o
 .debug_macro   0x00000000000015cd      0xd23 ./Core/Src/button.o
 .debug_macro   0x00000000000022f0     0xe09e ./Core/Src/button.o
 .debug_macro   0x000000000001038e       0x6d ./Core/Src/button.o
 .debug_macro   0x00000000000103fb     0x34a2 ./Core/Src/button.o
 .debug_macro   0x000000000001389d      0x174 ./Core/Src/button.o
 .debug_macro   0x0000000000013a11       0x5c ./Core/Src/button.o
 .debug_macro   0x0000000000013a6d      0x5bc ./Core/Src/button.o
 .debug_macro   0x0000000000014029      0x289 ./Core/Src/button.o
 .debug_macro   0x00000000000142b2      0x1cb ./Core/Src/button.o
 .debug_macro   0x000000000001447d      0x114 ./Core/Src/button.o
 .debug_macro   0x0000000000014591      0x1b2 ./Core/Src/button.o
 .debug_macro   0x0000000000014743       0x27 ./Core/Src/button.o
 .debug_macro   0x000000000001476a      0x136 ./Core/Src/button.o
 .debug_macro   0x00000000000148a0      0x1bc ./Core/Src/button.o
 .debug_macro   0x0000000000014a5c       0x34 ./Core/Src/button.o
 .debug_macro   0x0000000000014a90       0x3c ./Core/Src/button.o
 .debug_macro   0x0000000000014acc       0x57 ./Core/Src/button.o
 .debug_macro   0x0000000000014b23       0x87 ./Core/Src/button.o
 .debug_macro   0x0000000000014baa      0x240 ./Core/Src/button.o
 .debug_macro   0x0000000000014dea      0x287 ./Core/Src/button.o
 .debug_macro   0x0000000000015071      0x140 ./Core/Src/button.o
 .debug_macro   0x00000000000151b1      0x8ed ./Core/Src/button.o
 .debug_macro   0x0000000000015a9e      0x28e ./Core/Src/button.o
 .debug_macro   0x0000000000015d2c       0x83 ./Core/Src/button.o
 .debug_macro   0x0000000000015daf       0xd6 ./Core/Src/button.o
 .debug_macro   0x0000000000015e85       0x10 ./Core/Src/button.o
 .debug_macro   0x0000000000015e95       0x4c ./Core/Src/button.o
 .debug_macro   0x0000000000015ee1       0x52 ./Core/Src/button.o
 .debug_macro   0x0000000000015f33       0x18 ./Core/Src/button.o
 .debug_macro   0x0000000000015f4b       0x3c ./Core/Src/button.o
 .debug_macro   0x0000000000015f87       0x34 ./Core/Src/button.o
 .debug_macro   0x0000000000015fbb       0x16 ./Core/Src/button.o
 .debug_macro   0x0000000000015fd1       0x35 ./Core/Src/button.o
 .debug_macro   0x0000000000016006      0x333 ./Core/Src/button.o
 .debug_macro   0x0000000000016339       0x10 ./Core/Src/button.o
 .debug_macro   0x0000000000016349       0x16 ./Core/Src/button.o
 .debug_macro   0x000000000001635f       0x43 ./Core/Src/button.o
 .debug_macro   0x00000000000163a2       0x34 ./Core/Src/button.o
 .debug_macro   0x00000000000163d6       0x10 ./Core/Src/button.o
 .debug_macro   0x00000000000163e6       0x58 ./Core/Src/button.o
 .debug_macro   0x000000000001643e       0x71 ./Core/Src/button.o
 .debug_macro   0x00000000000164af       0x1c ./Core/Src/button.o
 .debug_macro   0x00000000000164cb      0x12a ./Core/Src/button.o
 .debug_macro   0x00000000000165f5       0x10 ./Core/Src/button.o
 .debug_macro   0x0000000000016605       0x1c ./Core/Src/button.o
 .debug_macro   0x0000000000016621       0x52 ./Core/Src/button.o
 .debug_macro   0x0000000000016673       0x22 ./Core/Src/button.o
 .debug_macro   0x0000000000016695       0x10 ./Core/Src/button.o
 .debug_macro   0x00000000000166a5       0x40 ./Core/Src/button.o
 .debug_macro   0x00000000000166e5       0xd5 ./Core/Src/button.o
 .debug_macro   0x00000000000167ba       0x1c ./Core/Src/button.o
 .debug_macro   0x00000000000167d6       0x3d ./Core/Src/button.o
 .debug_macro   0x0000000000016813       0x16 ./Core/Src/button.o
 .debug_macro   0x0000000000016829      0x145 ./Core/Src/button.o
 .debug_macro   0x000000000001696e       0x10 ./Core/Src/button.o
 .debug_macro   0x000000000001697e      0x372 ./Core/Src/fsm_auto.o
 .debug_macro   0x0000000000016cf0      0x37c ./Core/Src/fsm_edit.o
 .debug_macro   0x000000000001706c      0x372 ./Core/Src/fsm_setting.o
 .debug_macro   0x00000000000173de      0x1c6 ./Core/Src/global_var.o
 .debug_macro   0x00000000000175a4      0x32b ./Core/Src/i2c_LCD.o
 .debug_macro   0x00000000000178cf      0x1c6 ./Core/Src/light_traffic.o
 .debug_macro   0x0000000000017a95      0x37c ./Core/Src/main.o
 .debug_macro   0x0000000000017e11       0x1a ./Core/Src/software_timer.o
 .debug_macro   0x0000000000017e2b      0x1bc ./Core/Src/stm32f1xx_hal_msp.o
 .debug_macro   0x0000000000017fe7      0x1c6 ./Core/Src/stm32f1xx_it.o
 .debug_macro   0x00000000000181ad       0xff ./Core/Src/sysmem.o
 .debug_macro   0x00000000000182ac      0x23b ./Core/Src/sysmem.o
 .debug_macro   0x00000000000184e7      0x1ad ./Core/Src/system_stm32f1xx.o
 .debug_macro   0x0000000000018694      0x1d1 ./Drivers/STM32F1xx_HAL_Driver/Src/stm32f1xx_hal.o
 .debug_macro   0x0000000000018865      0x1ad ./Drivers/STM32F1xx_HAL_Driver/Src/stm32f1xx_hal_cortex.o
 .debug_macro   0x0000000000018a12      0x218 ./Drivers/STM32F1xx_HAL_Driver/Src/stm32f1xx_hal_gpio.o
 .debug_macro   0x0000000000018c2a      0x1fb ./Drivers/STM32F1xx_HAL_Driver/Src/stm32f1xx_hal_i2c.o
 .debug_macro   0x0000000000018e25      0x1bf ./Drivers/STM32F1xx_HAL_Driver/Src/stm32f1xx_hal_rcc.o
 .debug_macro   0x0000000000018fe4      0x1ae ./Drivers/STM32F1xx_HAL_Driver/Src/stm32f1xx_hal_tim.o
 .debug_macro   0x0000000000019192      0x1ad ./Drivers/STM32F1xx_HAL_Driver/Src/stm32f1xx_hal_tim_ex.o
 .debug_macro   0x000000000001933f      0x1ae ./Drivers/STM32F1xx_HAL_Driver/Src/stm32f1xx_hal_uart.o

.debug_line     0x0000000000000000    0x141ab
 .debug_line    0x0000000000000000      0xb53 ./Core/Src/button.o
 .debug_line    0x0000000000000b53      0x9e9 ./Core/Src/fsm_auto.o
 .debug_line    0x000000000000153c      0xa95 ./Core/Src/fsm_edit.o
 .debug_line    0x0000000000001fd1      0x937 ./Core/Src/fsm_setting.o
 .debug_line    0x0000000000002908      0x684 ./Core/Src/global_var.o
 .debug_line    0x0000000000002f8c      0x95d ./Core/Src/i2c_LCD.o
 .debug_line    0x00000000000038e9      0x721 ./Core/Src/light_traffic.o
 .debug_line    0x000000000000400a      0xaac ./Core/Src/main.o
 .debug_line    0x0000000000004ab6       0xb9 ./Core/Src/software_timer.o
 .debug_line    0x0000000000004b6f      0x764 ./Core/Src/stm32f1xx_hal_msp.o
 .debug_line    0x00000000000052d3      0x786 ./Core/Src/stm32f1xx_it.o
 .debug_line    0x0000000000005a59      0x4f8 ./Core/Src/sysmem.o
 .debug_line    0x0000000000005f51      0x712 ./Core/Src/system_stm32f1xx.o
 .debug_line    0x0000000000006663       0x86 ./Core/Startup/startup_stm32f103rbtx.o
 .debug_line    0x00000000000066e9      0x93f ./Drivers/STM32F1xx_HAL_Driver/Src/stm32f1xx_hal.o
 .debug_line    0x0000000000007028      0xb27 ./Drivers/STM32F1xx_HAL_Driver/Src/stm32f1xx_hal_cortex.o
 .debug_line    0x0000000000007b4f      0x9d8 ./Drivers/STM32F1xx_HAL_Driver/Src/stm32f1xx_hal_gpio.o
 .debug_line    0x0000000000008527     0x3ad5 ./Drivers/STM32F1xx_HAL_Driver/Src/stm32f1xx_hal_i2c.o
 .debug_line    0x000000000000bffc      0xd4b ./Drivers/STM32F1xx_HAL_Driver/Src/stm32f1xx_hal_rcc.o
 .debug_line    0x000000000000cd47     0x33d9 ./Drivers/STM32F1xx_HAL_Driver/Src/stm32f1xx_hal_tim.o
 .debug_line    0x0000000000010120     0x1885 ./Drivers/STM32F1xx_HAL_Driver/Src/stm32f1xx_hal_tim_ex.o
 .debug_line    0x00000000000119a5     0x2806 ./Drivers/STM32F1xx_HAL_Driver/Src/stm32f1xx_hal_uart.o

.debug_str      0x0000000000000000    0x8d964
 .debug_str     0x0000000000000000    0x892f0 ./Core/Src/button.o
                                      0x896cd (size before relaxing)
 .debug_str     0x00000000000892f0       0x24 ./Core/Src/fsm_auto.o
                                      0x89553 (size before relaxing)
 .debug_str     0x0000000000089314       0x31 ./Core/Src/fsm_edit.o
                                      0x89591 (size before relaxing)
 .debug_str     0x0000000000089345       0x30 ./Core/Src/fsm_setting.o
                                      0x8955f (size before relaxing)
 .debug_str     0x0000000000089375       0x19 ./Core/Src/global_var.o
                                      0x85337 (size before relaxing)
 .debug_str     0x000000000008938e      0x48e ./Core/Src/i2c_LCD.o
                                      0x8986a (size before relaxing)
 .debug_str     0x000000000008981c       0x5b ./Core/Src/light_traffic.o
                                      0x85307 (size before relaxing)
 .debug_str     0x0000000000089877      0x99b ./Core/Src/main.o
                                      0x8a487 (size before relaxing)
 .debug_str     0x000000000008a212       0x43 ./Core/Src/software_timer.o
                                       0x2de3 (size before relaxing)
 .debug_str     0x000000000008a255       0xe1 ./Core/Src/stm32f1xx_hal_msp.o
                                      0x85fda (size before relaxing)
 .debug_str     0x000000000008a336       0xe2 ./Core/Src/stm32f1xx_it.o
                                      0x85815 (size before relaxing)
 .debug_str     0x000000000008a418      0x4e9 ./Core/Src/sysmem.o
                                       0x625f (size before relaxing)
 .debug_str     0x000000000008a901       0x52 ./Core/Src/system_stm32f1xx.o
                                      0x8503d (size before relaxing)
 .debug_str     0x000000000008a953       0x36 ./Core/Startup/startup_stm32f103rbtx.o
                                         0x73 (size before relaxing)
 .debug_str     0x000000000008a989      0x304 ./Drivers/STM32F1xx_HAL_Driver/Src/stm32f1xx_hal.o
                                      0x856ce (size before relaxing)
 .debug_str     0x000000000008ac8d      0x300 ./Drivers/STM32F1xx_HAL_Driver/Src/stm32f1xx_hal_cortex.o
                                      0x856d6 (size before relaxing)
 .debug_str     0x000000000008af8d      0x324 ./Drivers/STM32F1xx_HAL_Driver/Src/stm32f1xx_hal_gpio.o
                                      0x85401 (size before relaxing)
 .debug_str     0x000000000008b2b1      0xb9a ./Drivers/STM32F1xx_HAL_Driver/Src/stm32f1xx_hal_i2c.o
                                      0x860cc (size before relaxing)
 .debug_str     0x000000000008be4b      0x244 ./Drivers/STM32F1xx_HAL_Driver/Src/stm32f1xx_hal_rcc.o
                                      0x8543a (size before relaxing)
 .debug_str     0x000000000008c08f      0xdd8 ./Drivers/STM32F1xx_HAL_Driver/Src/stm32f1xx_hal_tim.o
                                      0x86423 (size before relaxing)
 .debug_str     0x000000000008ce67      0x4ee ./Drivers/STM32F1xx_HAL_Driver/Src/stm32f1xx_hal_tim_ex.o
                                      0x85bc4 (size before relaxing)
 .debug_str     0x000000000008d355      0x60f ./Drivers/STM32F1xx_HAL_Driver/Src/stm32f1xx_hal_uart.o
                                      0x85a92 (size before relaxing)

.comment        0x0000000000000000       0x53
 .comment       0x0000000000000000       0x53 ./Core/Src/button.o
                                         0x54 (size before relaxing)
 .comment       0x0000000000000053       0x54 ./Core/Src/fsm_auto.o
 .comment       0x0000000000000053       0x54 ./Core/Src/fsm_edit.o
 .comment       0x0000000000000053       0x54 ./Core/Src/fsm_setting.o
 .comment       0x0000000000000053       0x54 ./Core/Src/global_var.o
 .comment       0x0000000000000053       0x54 ./Core/Src/i2c_LCD.o
 .comment       0x0000000000000053       0x54 ./Core/Src/light_traffic.o
 .comment       0x0000000000000053       0x54 ./Core/Src/main.o
 .comment       0x0000000000000053       0x54 ./Core/Src/software_timer.o
 .comment       0x0000000000000053       0x54 ./Core/Src/stm32f1xx_hal_msp.o
 .comment       0x0000000000000053       0x54 ./Core/Src/stm32f1xx_it.o
 .comment       0x0000000000000053       0x54 ./Core/Src/sysmem.o
 .comment       0x0000000000000053       0x54 ./Core/Src/system_stm32f1xx.o
 .comment       0x0000000000000053       0x54 ./Drivers/STM32F1xx_HAL_Driver/Src/stm32f1xx_hal.o
 .comment       0x0000000000000053       0x54 ./Drivers/STM32F1xx_HAL_Driver/Src/stm32f1xx_hal_cortex.o
 .comment       0x0000000000000053       0x54 ./Drivers/STM32F1xx_HAL_Driver/Src/stm32f1xx_hal_gpio.o
 .comment       0x0000000000000053       0x54 ./Drivers/STM32F1xx_HAL_Driver/Src/stm32f1xx_hal_i2c.o
 .comment       0x0000000000000053       0x54 ./Drivers/STM32F1xx_HAL_Driver/Src/stm32f1xx_hal_rcc.o
 .comment       0x0000000000000053       0x54 ./Drivers/STM32F1xx_HAL_Driver/Src/stm32f1xx_hal_tim.o
 .comment       0x0000000000000053       0x54 ./Drivers/STM32F1xx_HAL_Driver/Src/stm32f1xx_hal_tim_ex.o
 .comment       0x0000000000000053       0x54 ./Drivers/STM32F1xx_HAL_Driver/Src/stm32f1xx_hal_uart.o

.debug_frame    0x0000000000000000     0x44a4
 .debug_frame   0x0000000000000000      0x144 ./Core/Src/button.o
 .debug_frame   0x0000000000000144       0x2c ./Core/Src/fsm_auto.o
 .debug_frame   0x0000000000000170       0x2c ./Core/Src/fsm_edit.o
 .debug_frame   0x000000000000019c       0x48 ./Core/Src/fsm_setting.o
 .debug_frame   0x00000000000001e4       0xfc ./Core/Src/i2c_LCD.o
 .debug_frame   0x00000000000002e0       0x9c ./Core/Src/light_traffic.o
 .debug_frame   0x000000000000037c      0x10c ./Core/Src/main.o
 .debug_frame   0x0000000000000488       0x60 ./Core/Src/software_timer.o
 .debug_frame   0x00000000000004e8      0x110 ./Core/Src/stm32f1xx_hal_msp.o
 .debug_frame   0x00000000000005f8      0x13c ./Core/Src/stm32f1xx_it.o
 .debug_frame   0x0000000000000734       0x34 ./Core/Src/sysmem.o
 .debug_frame   0x0000000000000768       0x58 ./Core/Src/system_stm32f1xx.o
 .debug_frame   0x00000000000007c0      0x334 ./Drivers/STM32F1xx_HAL_Driver/Src/stm32f1xx_hal.o
 .debug_frame   0x0000000000000af4      0x428 ./Drivers/STM32F1xx_HAL_Driver/Src/stm32f1xx_hal_cortex.o
 .debug_frame   0x0000000000000f1c      0x14c ./Drivers/STM32F1xx_HAL_Driver/Src/stm32f1xx_hal_gpio.o
 .debug_frame   0x0000000000001068      0xc84 ./Drivers/STM32F1xx_HAL_Driver/Src/stm32f1xx_hal_i2c.o
 .debug_frame   0x0000000000001cec      0x218 ./Drivers/STM32F1xx_HAL_Driver/Src/stm32f1xx_hal_rcc.o
 .debug_frame   0x0000000000001f04     0x11b8 ./Drivers/STM32F1xx_HAL_Driver/Src/stm32f1xx_hal_tim.o
 .debug_frame   0x00000000000030bc      0x638 ./Drivers/STM32F1xx_HAL_Driver/Src/stm32f1xx_hal_tim_ex.o
 .debug_frame   0x00000000000036f4      0x944 ./Drivers/STM32F1xx_HAL_Driver/Src/stm32f1xx_hal_uart.o
 .debug_frame   0x0000000000004038       0x20 c:/st/stm32cubeide_1.7.0/stm32cubeide/plugins/com.st.stm32cube.ide.mcu.externaltools.gnu-tools-for-stm32.9-2020-q2-update.win32_2.0.0.202105311346/tools/bin/../lib/gcc/arm-none-eabi/9.3.1/../../../../arm-none-eabi/lib/thumb/v7-m/nofp\libc_nano.a(lib_a-errno.o)
 .debug_frame   0x0000000000004058       0x2c c:/st/stm32cubeide_1.7.0/stm32cubeide/plugins/com.st.stm32cube.ide.mcu.externaltools.gnu-tools-for-stm32.9-2020-q2-update.win32_2.0.0.202105311346/tools/bin/../lib/gcc/arm-none-eabi/9.3.1/../../../../arm-none-eabi/lib/thumb/v7-m/nofp\libc_nano.a(lib_a-init.o)
 .debug_frame   0x0000000000004084       0x20 c:/st/stm32cubeide_1.7.0/stm32cubeide/plugins/com.st.stm32cube.ide.mcu.externaltools.gnu-tools-for-stm32.9-2020-q2-update.win32_2.0.0.202105311346/tools/bin/../lib/gcc/arm-none-eabi/9.3.1/../../../../arm-none-eabi/lib/thumb/v7-m/nofp\libc_nano.a(lib_a-memset.o)
 .debug_frame   0x00000000000040a4       0x6c c:/st/stm32cubeide_1.7.0/stm32cubeide/plugins/com.st.stm32cube.ide.mcu.externaltools.gnu-tools-for-stm32.9-2020-q2-update.win32_2.0.0.202105311346/tools/bin/../lib/gcc/arm-none-eabi/9.3.1/../../../../arm-none-eabi/lib/thumb/v7-m/nofp\libc_nano.a(lib_a-sprintf.o)
 .debug_frame   0x0000000000004110       0x90 c:/st/stm32cubeide_1.7.0/stm32cubeide/plugins/com.st.stm32cube.ide.mcu.externaltools.gnu-tools-for-stm32.9-2020-q2-update.win32_2.0.0.202105311346/tools/bin/../lib/gcc/arm-none-eabi/9.3.1/../../../../arm-none-eabi/lib/thumb/v7-m/nofp\libc_nano.a(lib_a-nano-svfprintf.o)
 .debug_frame   0x00000000000041a0       0x60 c:/st/stm32cubeide_1.7.0/stm32cubeide/plugins/com.st.stm32cube.ide.mcu.externaltools.gnu-tools-for-stm32.9-2020-q2-update.win32_2.0.0.202105311346/tools/bin/../lib/gcc/arm-none-eabi/9.3.1/../../../../arm-none-eabi/lib/thumb/v7-m/nofp\libc_nano.a(lib_a-nano-vfprintf_i.o)
 .debug_frame   0x0000000000004200       0x28 c:/st/stm32cubeide_1.7.0/stm32cubeide/plugins/com.st.stm32cube.ide.mcu.externaltools.gnu-tools-for-stm32.9-2020-q2-update.win32_2.0.0.202105311346/tools/bin/../lib/gcc/arm-none-eabi/9.3.1/../../../../arm-none-eabi/lib/thumb/v7-m/nofp\libc_nano.a(lib_a-memchr-stub.o)
 .debug_frame   0x0000000000004228       0x28 c:/st/stm32cubeide_1.7.0/stm32cubeide/plugins/com.st.stm32cube.ide.mcu.externaltools.gnu-tools-for-stm32.9-2020-q2-update.win32_2.0.0.202105311346/tools/bin/../lib/gcc/arm-none-eabi/9.3.1/../../../../arm-none-eabi/lib/thumb/v7-m/nofp\libc_nano.a(lib_a-memcpy-stub.o)
 .debug_frame   0x0000000000004250       0x28 c:/st/stm32cubeide_1.7.0/stm32cubeide/plugins/com.st.stm32cube.ide.mcu.externaltools.gnu-tools-for-stm32.9-2020-q2-update.win32_2.0.0.202105311346/tools/bin/../lib/gcc/arm-none-eabi/9.3.1/../../../../arm-none-eabi/lib/thumb/v7-m/nofp\libc_nano.a(lib_a-memmove.o)
 .debug_frame   0x0000000000004278       0x38 c:/st/stm32cubeide_1.7.0/stm32cubeide/plugins/com.st.stm32cube.ide.mcu.externaltools.gnu-tools-for-stm32.9-2020-q2-update.win32_2.0.0.202105311346/tools/bin/../lib/gcc/arm-none-eabi/9.3.1/../../../../arm-none-eabi/lib/thumb/v7-m/nofp\libc_nano.a(lib_a-nano-freer.o)
 .debug_frame   0x00000000000042b0       0x30 c:/st/stm32cubeide_1.7.0/stm32cubeide/plugins/com.st.stm32cube.ide.mcu.externaltools.gnu-tools-for-stm32.9-2020-q2-update.win32_2.0.0.202105311346/tools/bin/../lib/gcc/arm-none-eabi/9.3.1/../../../../arm-none-eabi/lib/thumb/v7-m/nofp\libc_nano.a(lib_a-nano-mallocr.o)
 .debug_frame   0x00000000000042e0       0x3c c:/st/stm32cubeide_1.7.0/stm32cubeide/plugins/com.st.stm32cube.ide.mcu.externaltools.gnu-tools-for-stm32.9-2020-q2-update.win32_2.0.0.202105311346/tools/bin/../lib/gcc/arm-none-eabi/9.3.1/../../../../arm-none-eabi/lib/thumb/v7-m/nofp\libc_nano.a(lib_a-nano-reallocr.o)
 .debug_frame   0x000000000000431c       0x2c c:/st/stm32cubeide_1.7.0/stm32cubeide/plugins/com.st.stm32cube.ide.mcu.externaltools.gnu-tools-for-stm32.9-2020-q2-update.win32_2.0.0.202105311346/tools/bin/../lib/gcc/arm-none-eabi/9.3.1/../../../../arm-none-eabi/lib/thumb/v7-m/nofp\libc_nano.a(lib_a-sbrkr.o)
 .debug_frame   0x0000000000004348       0x30 c:/st/stm32cubeide_1.7.0/stm32cubeide/plugins/com.st.stm32cube.ide.mcu.externaltools.gnu-tools-for-stm32.9-2020-q2-update.win32_2.0.0.202105311346/tools/bin/../lib/gcc/arm-none-eabi/9.3.1/../../../../arm-none-eabi/lib/thumb/v7-m/nofp\libc_nano.a(lib_a-mlock.o)
 .debug_frame   0x0000000000004378       0x20 c:/st/stm32cubeide_1.7.0/stm32cubeide/plugins/com.st.stm32cube.ide.mcu.externaltools.gnu-tools-for-stm32.9-2020-q2-update.win32_2.0.0.202105311346/tools/bin/../lib/gcc/arm-none-eabi/9.3.1/../../../../arm-none-eabi/lib/thumb/v7-m/nofp\libc_nano.a(lib_a-nano-msizer.o)
 .debug_frame   0x0000000000004398       0x5c c:/st/stm32cubeide_1.7.0/stm32cubeide/plugins/com.st.stm32cube.ide.mcu.externaltools.gnu-tools-for-stm32.9-2020-q2-update.win32_2.0.0.202105311346/tools/bin/../lib/gcc/arm-none-eabi/9.3.1/../../../../arm-none-eabi/lib/thumb/v7-m/nofp\libc_nano.a(lib_a-reent.o)
 .debug_frame   0x00000000000043f4       0xb0 c:/st/stm32cubeide_1.7.0/stm32cubeide/plugins/com.st.stm32cube.ide.mcu.externaltools.gnu-tools-for-stm32.9-2020-q2-update.win32_2.0.0.202105311346/tools/bin/../lib/gcc/arm-none-eabi/9.3.1/../../../../arm-none-eabi/lib/thumb/v7-m/nofp\libc_nano.a(lib_a-lock.o)
