Archive member included to satisfy reference by file (symbol)

c:/st/stm32cubeide_1.7.0/stm32cubeide/plugins/com.st.stm32cube.ide.mcu.externaltools.gnu-tools-for-stm32.9-2020-q2-update.win32_2.0.0.202105311346/tools/bin/../lib/gcc/arm-none-eabi/9.3.1/../../../../arm-none-eabi/lib/thumb/v7-m/nofp\libc_nano.a(lib_a-errno.o)
                              ./Core/Src/syscalls.o (__errno)
c:/st/stm32cubeide_1.7.0/stm32cubeide/plugins/com.st.stm32cube.ide.mcu.externaltools.gnu-tools-for-stm32.9-2020-q2-update.win32_2.0.0.202105311346/tools/bin/../lib/gcc/arm-none-eabi/9.3.1/../../../../arm-none-eabi/lib/thumb/v7-m/nofp\libc_nano.a(lib_a-exit.o)
                              c:/st/stm32cubeide_1.7.0/stm32cubeide/plugins/com.st.stm32cube.ide.mcu.externaltools.gnu-tools-for-stm32.9-2020-q2-update.win32_2.0.0.202105311346/tools/bin/../lib/gcc/arm-none-eabi/9.3.1/../../../../arm-none-eabi/lib/thumb/v7-m/nofp/crt0.o (exit)
c:/st/stm32cubeide_1.7.0/stm32cubeide/plugins/com.st.stm32cube.ide.mcu.externaltools.gnu-tools-for-stm32.9-2020-q2-update.win32_2.0.0.202105311346/tools/bin/../lib/gcc/arm-none-eabi/9.3.1/../../../../arm-none-eabi/lib/thumb/v7-m/nofp\libc_nano.a(lib_a-impure.o)
                              c:/st/stm32cubeide_1.7.0/stm32cubeide/plugins/com.st.stm32cube.ide.mcu.externaltools.gnu-tools-for-stm32.9-2020-q2-update.win32_2.0.0.202105311346/tools/bin/../lib/gcc/arm-none-eabi/9.3.1/../../../../arm-none-eabi/lib/thumb/v7-m/nofp\libc_nano.a(lib_a-exit.o) (_global_impure_ptr)
c:/st/stm32cubeide_1.7.0/stm32cubeide/plugins/com.st.stm32cube.ide.mcu.externaltools.gnu-tools-for-stm32.9-2020-q2-update.win32_2.0.0.202105311346/tools/bin/../lib/gcc/arm-none-eabi/9.3.1/../../../../arm-none-eabi/lib/thumb/v7-m/nofp\libc_nano.a(lib_a-init.o)
                              c:/st/stm32cubeide_1.7.0/stm32cubeide/plugins/com.st.stm32cube.ide.mcu.externaltools.gnu-tools-for-stm32.9-2020-q2-update.win32_2.0.0.202105311346/tools/bin/../lib/gcc/arm-none-eabi/9.3.1/../../../../arm-none-eabi/lib/thumb/v7-m/nofp/crt0.o (__libc_init_array)
c:/st/stm32cubeide_1.7.0/stm32cubeide/plugins/com.st.stm32cube.ide.mcu.externaltools.gnu-tools-for-stm32.9-2020-q2-update.win32_2.0.0.202105311346/tools/bin/../lib/gcc/arm-none-eabi/9.3.1/../../../../arm-none-eabi/lib/thumb/v7-m/nofp\libc_nano.a(lib_a-memset.o)
                              c:/st/stm32cubeide_1.7.0/stm32cubeide/plugins/com.st.stm32cube.ide.mcu.externaltools.gnu-tools-for-stm32.9-2020-q2-update.win32_2.0.0.202105311346/tools/bin/../lib/gcc/arm-none-eabi/9.3.1/../../../../arm-none-eabi/lib/thumb/v7-m/nofp/crt0.o (memset)

Allocating common symbols
Common symbol       size              file

hi2c1               0x54              ./Core/Src/main.o
timer_counter       0x28              ./Core/Src/software_timer.o
uwTick              0x4               ./Drivers/STM32F1xx_HAL_Driver/Src/stm32f1xx_hal.o
pFlash              0x20              ./Drivers/STM32F1xx_HAL_Driver/Src/stm32f1xx_hal_flash.o
timer_flag          0x28              ./Core/Src/software_timer.o
htim2               0x48              ./Core/Src/main.o
huart2              0x48              ./Core/Src/main.o

Discarded input sections

 .text          0x0000000000000000        0x0 c:/st/stm32cubeide_1.7.0/stm32cubeide/plugins/com.st.stm32cube.ide.mcu.externaltools.gnu-tools-for-stm32.9-2020-q2-update.win32_2.0.0.202105311346/tools/bin/../lib/gcc/arm-none-eabi/9.3.1/thumb/v7-m/nofp/crti.o
 .data          0x0000000000000000        0x0 c:/st/stm32cubeide_1.7.0/stm32cubeide/plugins/com.st.stm32cube.ide.mcu.externaltools.gnu-tools-for-stm32.9-2020-q2-update.win32_2.0.0.202105311346/tools/bin/../lib/gcc/arm-none-eabi/9.3.1/thumb/v7-m/nofp/crti.o
 .bss           0x0000000000000000        0x0 c:/st/stm32cubeide_1.7.0/stm32cubeide/plugins/com.st.stm32cube.ide.mcu.externaltools.gnu-tools-for-stm32.9-2020-q2-update.win32_2.0.0.202105311346/tools/bin/../lib/gcc/arm-none-eabi/9.3.1/thumb/v7-m/nofp/crti.o
 .data          0x0000000000000000        0x4 c:/st/stm32cubeide_1.7.0/stm32cubeide/plugins/com.st.stm32cube.ide.mcu.externaltools.gnu-tools-for-stm32.9-2020-q2-update.win32_2.0.0.202105311346/tools/bin/../lib/gcc/arm-none-eabi/9.3.1/thumb/v7-m/nofp/crtbegin.o
 .text          0x0000000000000000       0x7c c:/st/stm32cubeide_1.7.0/stm32cubeide/plugins/com.st.stm32cube.ide.mcu.externaltools.gnu-tools-for-stm32.9-2020-q2-update.win32_2.0.0.202105311346/tools/bin/../lib/gcc/arm-none-eabi/9.3.1/../../../../arm-none-eabi/lib/thumb/v7-m/nofp/crt0.o
 .data          0x0000000000000000        0x0 c:/st/stm32cubeide_1.7.0/stm32cubeide/plugins/com.st.stm32cube.ide.mcu.externaltools.gnu-tools-for-stm32.9-2020-q2-update.win32_2.0.0.202105311346/tools/bin/../lib/gcc/arm-none-eabi/9.3.1/../../../../arm-none-eabi/lib/thumb/v7-m/nofp/crt0.o
[...]
Memory Configuration

Name             Origin             Length             Attributes
RAM              0x0000000020000000 0x0000000000005000 xrw
FLASH            0x0000000008000000 0x0000000000020000 xr
*default*        0x0000000000000000 0xffffffffffffffff

Linker script and memory map

LOAD c:/st/stm32cubeide_1.7.0/stm32cubeide/plugins/com.st.stm32cube.ide.mcu.externaltools.gnu-tools-for-stm32.9-2020-q2-update.win32_2.0.0.202105311346/tools/bin/../lib/gcc/arm-none-eabi/9.3.1/thumb/v7-m/nofp/crti.o
LOAD c:/st/stm32cubeide_1.7.0/stm32cubeide/plugins/com.st.stm32cube.ide.mcu.externaltools.gnu-tools-for-stm32.9-2020-q2-update.win32_2.0.0.202105311346/tools/bin/../lib/gcc/arm-none-eabi/9.3.1/thumb/v7-m/nofp/crtbegin.o
LOAD c:/st/stm32cubeide_1.7.0/stm32cubeide/plugins/com.st.stm32cube.ide.mcu.externaltools.gnu-tools-for-stm32.9-2020-q2-update.win32_2.0.0.202105311346/tools/bin/../lib/gcc/arm-none-eabi/9.3.1/../../../../arm-none-eabi/lib/thumb/v7-m/nofp/crt0.o
LOAD ./Core/Src/button.o
LOAD ./Core/Src/fsm_auto.o
LOAD ./Core/Src/fsm_edit.o
LOAD ./Core/Src/fsm_setting.o
LOAD ./Core/Src/global_var.o
LOAD ./Core/Src/i2c_LCD.o
LOAD ./Core/Src/light_traffic.o
LOAD ./Core/Src/main.o
LOAD ./Core/Src/software_timer.o
LOAD ./Core/Src/stm32f1xx_hal_msp.o
LOAD ./Core/Src/stm32f1xx_it.o
LOAD ./Core/Src/syscalls.o
LOAD ./Core/Src/sysmem.o
LOAD ./Core/Src/system_stm32f1xx.o
LOAD ./Core/Startup/startup_stm32f103rbtx.o
LOAD ./Drivers/STM32F1xx_HAL_Driver/Src/stm32f1xx_hal.o
LOAD ./Drivers/STM32F1xx_HAL_Driver/Src/stm32f1xx_hal_cortex.o
LOAD ./Drivers/STM32F1xx_HAL_Driver/Src/stm32f1xx_hal_dma.o
LOAD ./Drivers/STM32F1xx_HAL_Driver/Src/stm32f1xx_hal_exti.o
LOAD ./Drivers/STM32F1xx_HAL_Driver/Src/stm32f1xx_hal_flash.o
LOAD ./Drivers/STM32F1xx_HAL_Driver/Src/stm32f1xx_hal_flash_ex.o
LOAD ./Drivers/STM32F1xx_HAL_Driver/Src/stm32f1xx_hal_gpio.o
LOAD ./Drivers/STM32F1xx_HAL_Driver/Src/stm32f1xx_hal_gpio_ex.o
LOAD ./Drivers/STM32F1xx_HAL_Driver/Src/stm32f1xx_hal_i2c.o
LOAD ./Drivers/STM32F1xx_HAL_Driver/Src/stm32f1xx_hal_pwr.o
LOAD ./Drivers/STM32F1xx_HAL_Driver/Src/stm32f1xx_hal_rcc.o
LOAD ./Drivers/STM32F1xx_HAL_Driver/Src/stm32f1xx_hal_rcc_ex.o
LOAD ./Drivers/STM32F1xx_HAL_Driver/Src/stm32f1xx_hal_tim.o
LOAD ./Drivers/STM32F1xx_HAL_Driver/Src/stm32f1xx_hal_tim_ex.o
LOAD ./Drivers/STM32F1xx_HAL_Driver/Src/stm32f1xx_hal_uart.o
START GROUP
LOAD c:/st/stm32cubeide_1.7.0/stm32cubeide/plugins/com.st.stm32cube.ide.mcu.externaltools.gnu-tools-for-stm32.9-2020-q2-update.win32_2.0.0.202105311346/tools/bin/../lib/gcc/arm-none-eabi/9.3.1/../../../../arm-none-eabi/lib/thumb/v7-m/nofp\libc_nano.a
LOAD c:/st/stm32cubeide_1.7.0/stm32cubeide/plugins/com.st.stm32cube.ide.mcu.externaltools.gnu-tools-for-stm32.9-2020-q2-update.win32_2.0.0.202105311346/tools/bin/../lib/gcc/arm-none-eabi/9.3.1/../../../../arm-none-eabi/lib/thumb/v7-m/nofp\libm.a
END GROUP
START GROUP
LOAD c:/st/stm32cubeide_1.7.0/stm32cubeide/plugins/com.st.stm32cube.ide.mcu.externaltools.gnu-tools-for-stm32.9-2020-q2-update.win32_2.0.0.202105311346/tools/bin/../lib/gcc/arm-none-eabi/9.3.1/thumb/v7-m/nofp\libgcc.a
LOAD c:/st/stm32cubeide_1.7.0/stm32cubeide/plugins/com.st.stm32cube.ide.mcu.externaltools.gnu-tools-for-stm32.9-2020-q2-update.win32_2.0.0.202105311346/tools/bin/../lib/gcc/arm-none-eabi/9.3.1/../../../../arm-none-eabi/lib/thumb/v7-m/nofp\libc_nano.a
END GROUP
START GROUP
LOAD c:/st/stm32cubeide_1.7.0/stm32cubeide/plugins/com.st.stm32cube.ide.mcu.externaltools.gnu-tools-for-stm32.9-2020-q2-update.win32_2.0.0.202105311346/tools/bin/../lib/gcc/arm-none-eabi/9.3.1/thumb/v7-m/nofp\libgcc.a
LOAD c:/st/stm32cubeide_1.7.0/stm32cubeide/plugins/com.st.stm32cube.ide.mcu.externaltools.gnu-tools-for-stm32.9-2020-q2-update.win32_2.0.0.202105311346/tools/bin/../lib/gcc/arm-none-eabi/9.3.1/../../../../arm-none-eabi/lib/thumb/v7-m/nofp\libc_nano.a
LOAD c:/st/stm32cubeide_1.7.0/stm32cubeide/plugins/com.st.stm32cube.ide.mcu.externaltools.gnu-tools-for-stm32.9-2020-q2-update.win32_2.0.0.202105311346/tools/bin/../lib/gcc/arm-none-eabi/9.3.1/../../../../arm-none-eabi/lib/thumb/v7-m/nofp\libnosys.a
END GROUP
START GROUP
LOAD c:/st/stm32cubeide_1.7.0/stm32cubeide/plugins/com.st.stm32cube.ide.mcu.externaltools.gnu-tools-for-stm32.9-2020-q2-update.win32_2.0.0.202105311346/tools/bin/../lib/gcc/arm-none-eabi/9.3.1/thumb/v7-m/nofp\libgcc.a
LOAD c:/st/stm32cubeide_1.7.0/stm32cubeide/plugins/com.st.stm32cube.ide.mcu.externaltools.gnu-tools-for-stm32.9-2020-q2-update.win32_2.0.0.202105311346/tools/bin/../lib/gcc/arm-none-eabi/9.3.1/../../../../arm-none-eabi/lib/thumb/v7-m/nofp\libc_nano.a
LOAD c:/st/stm32cubeide_1.7.0/stm32cubeide/plugins/com.st.stm32cube.ide.mcu.externaltools.gnu-tools-for-stm32.9-2020-q2-update.win32_2.0.0.202105311346/tools/bin/../lib/gcc/arm-none-eabi/9.3.1/../../../../arm-none-eabi/lib/thumb/v7-m/nofp\libnosys.a
END GROUP
LOAD c:/st/stm32cubeide_1.7.0/stm32cubeide/plugins/com.st.stm32cube.ide.mcu.externaltools.gnu-tools-for-stm32.9-2020-q2-update.win32_2.0.0.202105311346/tools/bin/../lib/gcc/arm-none-eabi/9.3.1/thumb/v7-m/nofp/crtend.o
LOAD c:/st/stm32cubeide_1.7.0/stm32cubeide/plugins/com.st.stm32cube.ide.mcu.externaltools.gnu-tools-for-stm32.9-2020-q2-update.win32_2.0.0.202105311346/tools/bin/../lib/gcc/arm-none-eabi/9.3.1/thumb/v7-m/nofp/crtn.o
                0x0000000020005000                _estack = (ORIGIN (RAM) + LENGTH (RAM))
                0x0000000000000200                _Min_Heap_Size = 0x200
                0x0000000000000400                _Min_Stack_Size = 0x400

.isr_vector     0x0000000008000000      0x10c
                0x0000000008000000                . = ALIGN (0x4)
 *(.isr_vector)
 .isr_vector    0x0000000008000000      0x10c ./Core/Startup/startup_stm32f103rbtx.o
                0x0000000008000000                g_pfnVectors
                0x000000000800010c                . = ALIGN (0x4)

.text           0x000000000800010c     0x2b90
                0x000000000800010c                . = ALIGN (0x4)
 *(.text)
 .text          0x000000000800010c       0x40 c:/st/stm32cubeide_1.7.0/stm32cubeide/plugins/com.st.stm32cube.ide.mcu.externaltools.gnu-tools-for-stm32.9-2020-q2-update.win32_2.0.0.202105311346/tools/bin/../lib/gcc/arm-none-eabi/9.3.1/thumb/v7-m/nofp/crtbegin.o
 *(.text*)
 .text.isButton1Pressed
                0x000000000800014c       0x20 ./Core/Src/button.o
                0x000000000800014c                isButton1Pressed
 .text.isButton2Pressed
                0x000000000800016c       0x20 ./Core/Src/button.o
                0x000000000800016c                isButton2Pressed
 .text.isButton3Pressed
                0x000000000800018c       0x20 ./Core/Src/button.o
                0x000000000800018c                isButton3Pressed
 .text.isButton1LongPressed
                0x00000000080001ac       0x20 ./Core/Src/button.o
                0x00000000080001ac                isButton1LongPressed
 .text.isButton2LongPressed
                0x00000000080001cc       0x20 ./Core/Src/button.o
                0x00000000080001cc                isButton2LongPressed
 .text.subKeyProcess
                0x00000000080001ec       0x50 ./Core/Src/button.o
                0x00000000080001ec                subKeyProcess
 .text.subLongKeyProcess
                0x000000000800023c       0x50 ./Core/Src/button.o
                0x000000000800023c                subLongKeyProcess
 .text.getKeyInput
                0x000000000800028c      0x23c ./Core/Src/button.o
                0x000000000800028c                getKeyInput
 .text.fsm_auto_run
                0x00000000080004c8      0x180 ./Core/Src/fsm_auto.o
                0x00000000080004c8                fsm_auto_run
 .text.fsm_edit
                0x0000000008000648      0x194 ./Core/Src/fsm_edit.o
                0x0000000008000648                fsm_edit
 .text.changeMode
                0x00000000080007dc       0x74 ./Core/Src/fsm_setting.o
                0x00000000080007dc                changeMode
 .text.fsm_config
                0x0000000008000850       0x50 ./Core/Src/fsm_setting.o
                0x0000000008000850                fsm_config
 .text.ledReset
                0x00000000080008a0       0x6c ./Core/Src/light_traffic.o
                0x00000000080008a0                ledReset
 .text.ledRed_Green
                0x000000000800090c       0x6c ./Core/Src/light_traffic.o
                0x000000000800090c                ledRed_Green
 .text.ledRed_Yellow
                0x0000000008000978       0x6c ./Core/Src/light_traffic.o
                0x0000000008000978                ledRed_Yellow
 .text.ledGreen_Red
                0x00000000080009e4       0x6c ./Core/Src/light_traffic.o
                0x00000000080009e4                ledGreen_Red
 .text.ledYellow_Red
                0x0000000008000a50       0x6c ./Core/Src/light_traffic.o
                0x0000000008000a50                ledYellow_Red
 .text.main     0x0000000008000abc       0x34 ./Core/Src/main.o
                0x0000000008000abc                main
 .text.SystemClock_Config
                0x0000000008000af0       0x80 ./Core/Src/main.o
                0x0000000008000af0                SystemClock_Config
 .text.MX_I2C1_Init
                0x0000000008000b70       0x5c ./Core/Src/main.o
 .text.MX_TIM2_Init
                0x0000000008000bcc       0x98 ./Core/Src/main.o
 .text.MX_USART2_UART_Init
                0x0000000008000c64       0x54 ./Core/Src/main.o
 .text.MX_GPIO_Init
                0x0000000008000cb8      0x14c ./Core/Src/main.o
 .text.HAL_TIM_PeriodElapsedCallback
                0x0000000008000e04       0x18 ./Core/Src/main.o
                0x0000000008000e04                HAL_TIM_PeriodElapsedCallback
 .text.Error_Handler
                0x0000000008000e1c        0xa ./Core/Src/main.o
                0x0000000008000e1c                Error_Handler
 *fill*         0x0000000008000e26        0x2 
 .text.setTimer
                0x0000000008000e28       0x40 ./Core/Src/software_timer.o
                0x0000000008000e28                setTimer
 .text.timerRun
                0x0000000008000e68       0x60 ./Core/Src/software_timer.o
                0x0000000008000e68                timerRun
 .text.HAL_MspInit
                0x0000000008000ec8       0x64 ./Core/Src/stm32f1xx_hal_msp.o
                0x0000000008000ec8                HAL_MspInit
 .text.HAL_I2C_MspInit
                0x0000000008000f2c       0xa0 ./Core/Src/stm32f1xx_hal_msp.o
                0x0000000008000f2c                HAL_I2C_MspInit
 .text.HAL_TIM_Base_MspInit
                0x0000000008000fcc       0x48 ./Core/Src/stm32f1xx_hal_msp.o
                0x0000000008000fcc                HAL_TIM_Base_MspInit
 .text.HAL_UART_MspInit
                0x0000000008001014       0x7c ./Core/Src/stm32f1xx_hal_msp.o
                0x0000000008001014                HAL_UART_MspInit
 .text.NMI_Handler
                0x0000000008001090        0x6 ./Core/Src/stm32f1xx_it.o
                0x0000000008001090                NMI_Handler
 .text.HardFault_Handler
                0x0000000008001096        0x6 ./Core/Src/stm32f1xx_it.o
                0x0000000008001096                HardFault_Handler
 .text.MemManage_Handler
                0x000000000800109c        0x6 ./Core/Src/stm32f1xx_it.o
                0x000000000800109c                MemManage_Handler
 .text.BusFault_Handler
                0x00000000080010a2        0x6 ./Core/Src/stm32f1xx_it.o
                0x00000000080010a2                BusFault_Handler
 .text.UsageFault_Handler
                0x00000000080010a8        0x6 ./Core/Src/stm32f1xx_it.o
                0x00000000080010a8                UsageFault_Handler
 .text.SVC_Handler
                0x00000000080010ae        0xc ./Core/Src/stm32f1xx_it.o
                0x00000000080010ae                SVC_Handler
 .text.DebugMon_Handler
                0x00000000080010ba        0xc ./Core/Src/stm32f1xx_it.o
                0x00000000080010ba                DebugMon_Handler
 .text.PendSV_Handler
                0x00000000080010c6        0xc ./Core/Src/stm32f1xx_it.o
                0x00000000080010c6                PendSV_Handler
 .text.SysTick_Handler
                0x00000000080010d2        0xc ./Core/Src/stm32f1xx_it.o
                0x00000000080010d2                SysTick_Handler
 *fill*         0x00000000080010de        0x2 
 .text.TIM2_IRQHandler
                0x00000000080010e0       0x14 ./Core/Src/stm32f1xx_it.o
                0x00000000080010e0                TIM2_IRQHandler
 .text.EXTI15_10_IRQHandler
                0x00000000080010f4       0x10 ./Core/Src/stm32f1xx_it.o
                0x00000000080010f4                EXTI15_10_IRQHandler
 .text.SystemInit
                0x0000000008001104        0xc ./Core/Src/system_stm32f1xx.o
                0x0000000008001104                SystemInit
 .text.Reset_Handler
                0x0000000008001110       0x48 ./Core/Startup/startup_stm32f103rbtx.o
                0x0000000008001110                Reset_Handler
 .text.Default_Handler
                0x0000000008001158        0x2 ./Core/Startup/startup_stm32f103rbtx.o
                0x0000000008001158                RTC_Alarm_IRQHandler
                0x0000000008001158                EXTI2_IRQHandler
                0x0000000008001158                TIM1_CC_IRQHandler
                0x0000000008001158                PVD_IRQHandler
                0x0000000008001158                EXTI3_IRQHandler
                0x0000000008001158                EXTI0_IRQHandler
                0x0000000008001158                I2C2_EV_IRQHandler
                0x0000000008001158                ADC1_2_IRQHandler
                0x0000000008001158                SPI1_IRQHandler
                0x0000000008001158                TAMPER_IRQHandler
                0x0000000008001158                DMA1_Channel4_IRQHandler
                0x0000000008001158                USART3_IRQHandler
                0x0000000008001158                RTC_IRQHandler
                0x0000000008001158                DMA1_Channel7_IRQHandler
                0x0000000008001158                CAN1_RX1_IRQHandler
                0x0000000008001158                TIM4_IRQHandler
                0x0000000008001158                I2C1_EV_IRQHandler
                0x0000000008001158                DMA1_Channel6_IRQHandler
                0x0000000008001158                TIM3_IRQHandler
                0x0000000008001158                RCC_IRQHandler
                0x0000000008001158                TIM1_TRG_COM_IRQHandler
                0x0000000008001158                DMA1_Channel1_IRQHandler
                0x0000000008001158                Default_Handler
                0x0000000008001158                EXTI9_5_IRQHandler
                0x0000000008001158                SPI2_IRQHandler
                0x0000000008001158                DMA1_Channel5_IRQHandler
                0x0000000008001158                EXTI4_IRQHandler
                0x0000000008001158                USB_LP_CAN1_RX0_IRQHandler
                0x0000000008001158                USB_HP_CAN1_TX_IRQHandler
                0x0000000008001158                DMA1_Channel3_IRQHandler
                0x0000000008001158                TIM1_UP_IRQHandler
                0x0000000008001158                WWDG_IRQHandler
                0x0000000008001158                TIM1_BRK_IRQHandler
                0x0000000008001158                EXTI1_IRQHandler
                0x0000000008001158                USART2_IRQHandler
                0x0000000008001158                I2C2_ER_IRQHandler
                0x0000000008001158                DMA1_Channel2_IRQHandler
                0x0000000008001158                CAN1_SCE_IRQHandler
                0x0000000008001158                FLASH_IRQHandler
                0x0000000008001158                USART1_IRQHandler
                0x0000000008001158                I2C1_ER_IRQHandler
                0x0000000008001158                USBWakeUp_IRQHandler
 *fill*         0x000000000800115a        0x2 
 .text.HAL_Init
                0x000000000800115c       0x2c ./Drivers/STM32F1xx_HAL_Driver/Src/stm32f1xx_hal.o
                0x000000000800115c                HAL_Init
 .text.HAL_InitTick
                0x0000000008001188       0x60 ./Drivers/STM32F1xx_HAL_Driver/Src/stm32f1xx_hal.o
                0x0000000008001188                HAL_InitTick
 .text.HAL_IncTick
                0x00000000080011e8       0x24 ./Drivers/STM32F1xx_HAL_Driver/Src/stm32f1xx_hal.o
                0x00000000080011e8                HAL_IncTick
 .text.HAL_GetTick
                0x000000000800120c       0x14 ./Drivers/STM32F1xx_HAL_Driver/Src/stm32f1xx_hal.o
                0x000000000800120c                HAL_GetTick
 .text.__NVIC_SetPriorityGrouping
                0x0000000008001220       0x48 ./Drivers/STM32F1xx_HAL_Driver/Src/stm32f1xx_hal_cortex.o
 .text.__NVIC_GetPriorityGrouping
                0x0000000008001268       0x1c ./Drivers/STM32F1xx_HAL_Driver/Src/stm32f1xx_hal_cortex.o
 .text.__NVIC_EnableIRQ
                0x0000000008001284       0x38 ./Drivers/STM32F1xx_HAL_Driver/Src/stm32f1xx_hal_cortex.o
 .text.__NVIC_SetPriority
                0x00000000080012bc       0x54 ./Drivers/STM32F1xx_HAL_Driver/Src/stm32f1xx_hal_cortex.o
 .text.NVIC_EncodePriority
                0x0000000008001310       0x64 ./Drivers/STM32F1xx_HAL_Driver/Src/stm32f1xx_hal_cortex.o
 .text.SysTick_Config
                0x0000000008001374       0x44 ./Drivers/STM32F1xx_HAL_Driver/Src/stm32f1xx_hal_cortex.o
 .text.HAL_NVIC_SetPriorityGrouping
                0x00000000080013b8       0x16 ./Drivers/STM32F1xx_HAL_Driver/Src/stm32f1xx_hal_cortex.o
                0x00000000080013b8                HAL_NVIC_SetPriorityGrouping
 .text.HAL_NVIC_SetPriority
                0x00000000080013ce       0x38 ./Drivers/STM32F1xx_HAL_Driver/Src/stm32f1xx_hal_cortex.o
                0x00000000080013ce                HAL_NVIC_SetPriority
 .text.HAL_NVIC_EnableIRQ
                0x0000000008001406       0x1c ./Drivers/STM32F1xx_HAL_Driver/Src/stm32f1xx_hal_cortex.o
                0x0000000008001406                HAL_NVIC_EnableIRQ
 .text.HAL_SYSTICK_Config
                0x0000000008001422       0x18 ./Drivers/STM32F1xx_HAL_Driver/Src/stm32f1xx_hal_cortex.o
                0x0000000008001422                HAL_SYSTICK_Config
 *fill*         0x000000000800143a        0x2 
 .text.HAL_GPIO_Init
                0x000000000800143c      0x308 ./Drivers/STM32F1xx_HAL_Driver/Src/stm32f1xx_hal_gpio.o
                0x000000000800143c                HAL_GPIO_Init
 .text.HAL_GPIO_ReadPin
                0x0000000008001744       0x2e ./Drivers/STM32F1xx_HAL_Driver/Src/stm32f1xx_hal_gpio.o
                0x0000000008001744                HAL_GPIO_ReadPin
 .text.HAL_GPIO_WritePin
                0x0000000008001772       0x30 ./Drivers/STM32F1xx_HAL_Driver/Src/stm32f1xx_hal_gpio.o
                0x0000000008001772                HAL_GPIO_WritePin
 *fill*         0x00000000080017a2        0x2 
 .text.HAL_GPIO_EXTI_IRQHandler
                0x00000000080017a4       0x30 ./Drivers/STM32F1xx_HAL_Driver/Src/stm32f1xx_hal_gpio.o
                0x00000000080017a4                HAL_GPIO_EXTI_IRQHandler
 .text.HAL_GPIO_EXTI_Callback
                0x00000000080017d4       0x14 ./Drivers/STM32F1xx_HAL_Driver/Src/stm32f1xx_hal_gpio.o
                0x00000000080017d4                HAL_GPIO_EXTI_Callback
 .text.HAL_I2C_Init
                0x00000000080017e8      0x288 ./Drivers/STM32F1xx_HAL_Driver/Src/stm32f1xx_hal_i2c.o
                0x00000000080017e8                HAL_I2C_Init
 .text.HAL_RCC_OscConfig
                0x0000000008001a70      0x500 ./Drivers/STM32F1xx_HAL_Driver/Src/stm32f1xx_hal_rcc.o
                0x0000000008001a70                HAL_RCC_OscConfig
 .text.HAL_RCC_ClockConfig
                0x0000000008001f70      0x1d4 ./Drivers/STM32F1xx_HAL_Driver/Src/stm32f1xx_hal_rcc.o
                0x0000000008001f70                HAL_RCC_ClockConfig
 .text.HAL_RCC_GetSysClockFreq
                0x0000000008002144       0xa8 ./Drivers/STM32F1xx_HAL_Driver/Src/stm32f1xx_hal_rcc.o
                0x0000000008002144                HAL_RCC_GetSysClockFreq
 .text.HAL_RCC_GetHCLKFreq
                0x00000000080021ec       0x14 ./Drivers/STM32F1xx_HAL_Driver/Src/stm32f1xx_hal_rcc.o
                0x00000000080021ec                HAL_RCC_GetHCLKFreq
 .text.HAL_RCC_GetPCLK1Freq
                0x0000000008002200       0x28 ./Drivers/STM32F1xx_HAL_Driver/Src/stm32f1xx_hal_rcc.o
                0x0000000008002200                HAL_RCC_GetPCLK1Freq
 .text.HAL_RCC_GetPCLK2Freq
                0x0000000008002228       0x28 ./Drivers/STM32F1xx_HAL_Driver/Src/stm32f1xx_hal_rcc.o
                0x0000000008002228                HAL_RCC_GetPCLK2Freq
 .text.RCC_Delay
                0x0000000008002250       0x3c ./Drivers/STM32F1xx_HAL_Driver/Src/stm32f1xx_hal_rcc.o
 .text.HAL_TIM_Base_Init
                0x000000000800228c       0x9e ./Drivers/STM32F1xx_HAL_Driver/Src/stm32f1xx_hal_tim.o
                0x000000000800228c                HAL_TIM_Base_Init
 *fill*         0x000000000800232a        0x2 
 .text.HAL_TIM_Base_Start_IT
                0x000000000800232c       0xa4 ./Drivers/STM32F1xx_HAL_Driver/Src/stm32f1xx_hal_tim.o
                0x000000000800232c                HAL_TIM_Base_Start_IT
 .text.HAL_TIM_IRQHandler
                0x00000000080023d0      0x1e0 ./Drivers/STM32F1xx_HAL_Driver/Src/stm32f1xx_hal_tim.o
                0x00000000080023d0                HAL_TIM_IRQHandler
 .text.HAL_TIM_ConfigClockSource
                0x00000000080025b0      0x18e ./Drivers/STM32F1xx_HAL_Driver/Src/stm32f1xx_hal_tim.o
                0x00000000080025b0                HAL_TIM_ConfigClockSource
 .text.HAL_TIM_OC_DelayElapsedCallback
                0x000000000800273e       0x12 ./Drivers/STM32F1xx_HAL_Driver/Src/stm32f1xx_hal_tim.o
                0x000000000800273e                HAL_TIM_OC_DelayElapsedCallback
 .text.HAL_TIM_IC_CaptureCallback
                0x0000000008002750       0x12 ./Drivers/STM32F1xx_HAL_Driver/Src/stm32f1xx_hal_tim.o
                0x0000000008002750                HAL_TIM_IC_CaptureCallback
 .text.HAL_TIM_PWM_PulseFinishedCallback
                0x0000000008002762       0x12 ./Drivers/STM32F1xx_HAL_Driver/Src/stm32f1xx_hal_tim.o
                0x0000000008002762                HAL_TIM_PWM_PulseFinishedCallback
 .text.HAL_TIM_TriggerCallback
                0x0000000008002774       0x12 ./Drivers/STM32F1xx_HAL_Driver/Src/stm32f1xx_hal_tim.o
                0x0000000008002774                HAL_TIM_TriggerCallback
 *fill*         0x0000000008002786        0x2 
 .text.TIM_Base_SetConfig
                0x0000000008002788       0xdc ./Drivers/STM32F1xx_HAL_Driver/Src/stm32f1xx_hal_tim.o
                0x0000000008002788                TIM_Base_SetConfig
 .text.TIM_TI1_ConfigInputStage
                0x0000000008002864       0x5c ./Drivers/STM32F1xx_HAL_Driver/Src/stm32f1xx_hal_tim.o
 .text.TIM_TI2_ConfigInputStage
                0x00000000080028c0       0x5e ./Drivers/STM32F1xx_HAL_Driver/Src/stm32f1xx_hal_tim.o
 .text.TIM_ITRx_SetConfig
                0x000000000800291e       0x34 ./Drivers/STM32F1xx_HAL_Driver/Src/stm32f1xx_hal_tim.o
 .text.TIM_ETR_SetConfig
                0x0000000008002952       0x3e ./Drivers/STM32F1xx_HAL_Driver/Src/stm32f1xx_hal_tim.o
                0x0000000008002952                TIM_ETR_SetConfig
 .text.HAL_TIMEx_MasterConfigSynchronization
                0x0000000008002990       0xbc ./Drivers/STM32F1xx_HAL_Driver/Src/stm32f1xx_hal_tim_ex.o
                0x0000000008002990                HAL_TIMEx_MasterConfigSynchronization
 .text.HAL_TIMEx_CommutCallback
                0x0000000008002a4c       0x12 ./Drivers/STM32F1xx_HAL_Driver/Src/stm32f1xx_hal_tim_ex.o
                0x0000000008002a4c                HAL_TIMEx_CommutCallback
 .text.HAL_TIMEx_BreakCallback
                0x0000000008002a5e       0x12 ./Drivers/STM32F1xx_HAL_Driver/Src/stm32f1xx_hal_tim_ex.o
                0x0000000008002a5e                HAL_TIMEx_BreakCallback
 .text.HAL_UART_Init
                0x0000000008002a70       0xa0 ./Drivers/STM32F1xx_HAL_Driver/Src/stm32f1xx_hal_uart.o
                0x0000000008002a70                HAL_UART_Init
 .text.UART_SetConfig
                0x0000000008002b10      0x11c ./Drivers/STM32F1xx_HAL_Driver/Src/stm32f1xx_hal_uart.o
 .text.__libc_init_array
                0x0000000008002c2c       0x48 c:/st/stm32cubeide_1.7.0/stm32cubeide/plugins/com.st.stm32cube.ide.mcu.externaltools.gnu-tools-for-stm32.9-2020-q2-update.win32_2.0.0.202105311346/tools/bin/../lib/gcc/arm-none-eabi/9.3.1/../../../../arm-none-eabi/lib/thumb/v7-m/nofp\libc_nano.a(lib_a-init.o)
                0x0000000008002c2c                __libc_init_array
 .text.memset   0x0000000008002c74       0x10 c:/st/stm32cubeide_1.7.0/stm32cubeide/plugins/com.st.stm32cube.ide.mcu.externaltools.gnu-tools-for-stm32.9-2020-q2-update.win32_2.0.0.202105311346/tools/bin/../lib/gcc/arm-none-eabi/9.3.1/../../../../arm-none-eabi/lib/thumb/v7-m/nofp\libc_nano.a(lib_a-memset.o)
                0x0000000008002c74                memset
 *(.glue_7)
 .glue_7        0x0000000008002c84        0x0 linker stubs
 *(.glue_7t)
 .glue_7t       0x0000000008002c84        0x0 linker stubs
 *(.eh_frame)
 .eh_frame      0x0000000008002c84        0x0 c:/st/stm32cubeide_1.7.0/stm32cubeide/plugins/com.st.stm32cube.ide.mcu.externaltools.gnu-tools-for-stm32.9-2020-q2-update.win32_2.0.0.202105311346/tools/bin/../lib/gcc/arm-none-eabi/9.3.1/thumb/v7-m/nofp/crtbegin.o
 *(.init)
 .init          0x0000000008002c84        0x4 c:/st/stm32cubeide_1.7.0/stm32cubeide/plugins/com.st.stm32cube.ide.mcu.externaltools.gnu-tools-for-stm32.9-2020-q2-update.win32_2.0.0.202105311346/tools/bin/../lib/gcc/arm-none-eabi/9.3.1/thumb/v7-m/nofp/crti.o
                0x0000000008002c84                _init
 .init          0x0000000008002c88        0x8 c:/st/stm32cubeide_1.7.0/stm32cubeide/plugins/com.st.stm32cube.ide.mcu.externaltools.gnu-tools-for-stm32.9-2020-q2-update.win32_2.0.0.202105311346/tools/bin/../lib/gcc/arm-none-eabi/9.3.1/thumb/v7-m/nofp/crtn.o
 *(.fini)
 .fini          0x0000000008002c90        0x4 c:/st/stm32cubeide_1.7.0/stm32cubeide/plugins/com.st.stm32cube.ide.mcu.externaltools.gnu-tools-for-stm32.9-2020-q2-update.win32_2.0.0.202105311346/tools/bin/../lib/gcc/arm-none-eabi/9.3.1/thumb/v7-m/nofp/crti.o
                0x0000000008002c90                _fini
 .fini          0x0000000008002c94        0x8 c:/st/stm32cubeide_1.7.0/stm32cubeide/plugins/com.st.stm32cube.ide.mcu.externaltools.gnu-tools-for-stm32.9-2020-q2-update.win32_2.0.0.202105311346/tools/bin/../lib/gcc/arm-none-eabi/9.3.1/thumb/v7-m/nofp/crtn.o
                0x0000000008002c9c                . = ALIGN (0x4)
                0x0000000008002c9c                _etext = .

.vfp11_veneer   0x0000000008002c9c        0x0
 .vfp11_veneer  0x0000000008002c9c        0x0 linker stubs

.v4_bx          0x0000000008002c9c        0x0
 .v4_bx         0x0000000008002c9c        0x0 linker stubs

.iplt           0x0000000008002c9c        0x0
 .iplt          0x0000000008002c9c        0x0 c:/st/stm32cubeide_1.7.0/stm32cubeide/plugins/com.st.stm32cube.ide.mcu.externaltools.gnu-tools-for-stm32.9-2020-q2-update.win32_2.0.0.202105311346/tools/bin/../lib/gcc/arm-none-eabi/9.3.1/thumb/v7-m/nofp/crtbegin.o

.rodata         0x0000000008002c9c       0x2c
                0x0000000008002c9c                . = ALIGN (0x4)
 *(.rodata)
 *(.rodata*)
 .rodata.AHBPrescTable
                0x0000000008002c9c       0x10 ./Core/Src/system_stm32f1xx.o
                0x0000000008002c9c                AHBPrescTable
 .rodata.APBPrescTable
                0x0000000008002cac        0x8 ./Core/Src/system_stm32f1xx.o
                0x0000000008002cac                APBPrescTable
 .rodata.aPLLMULFactorTable.6442
                0x0000000008002cb4       0x10 ./Drivers/STM32F1xx_HAL_Driver/Src/stm32f1xx_hal_rcc.o
 .rodata.aPredivFactorTable.6443
                0x0000000008002cc4        0x2 ./Drivers/STM32F1xx_HAL_Driver/Src/stm32f1xx_hal_rcc.o
                0x0000000008002cc8                . = ALIGN (0x4)
 *fill*         0x0000000008002cc6        0x2 

.rel.dyn        0x0000000008002cc8        0x0
 .rel.iplt      0x0000000008002cc8        0x0 c:/st/stm32cubeide_1.7.0/stm32cubeide/plugins/com.st.stm32cube.ide.mcu.externaltools.gnu-tools-for-stm32.9-2020-q2-update.win32_2.0.0.202105311346/tools/bin/../lib/gcc/arm-none-eabi/9.3.1/thumb/v7-m/nofp/crtbegin.o

.ARM.extab      0x0000000008002cc8        0x0
                0x0000000008002cc8                . = ALIGN (0x4)
 *(.ARM.extab* .gnu.linkonce.armextab.*)
                0x0000000008002cc8                . = ALIGN (0x4)

.ARM            0x0000000008002cc8        0x0
                0x0000000008002cc8                . = ALIGN (0x4)
                0x0000000008002cc8                __exidx_start = .
 *(.ARM.exidx*)
                0x0000000008002cc8                __exidx_end = .
                0x0000000008002cc8                . = ALIGN (0x4)

.preinit_array  0x0000000008002cc8        0x0
                0x0000000008002cc8                . = ALIGN (0x4)
                0x0000000008002cc8                PROVIDE (__preinit_array_start = .)
 *(.preinit_array*)
                0x0000000008002cc8                PROVIDE (__preinit_array_end = .)
                0x0000000008002cc8                . = ALIGN (0x4)

.init_array     0x0000000008002cc8        0x4
                0x0000000008002cc8                . = ALIGN (0x4)
                0x0000000008002cc8                PROVIDE (__init_array_start = .)
 *(SORT_BY_NAME(.init_array.*))
 *(.init_array*)
 .init_array    0x0000000008002cc8        0x4 c:/st/stm32cubeide_1.7.0/stm32cubeide/plugins/com.st.stm32cube.ide.mcu.externaltools.gnu-tools-for-stm32.9-2020-q2-update.win32_2.0.0.202105311346/tools/bin/../lib/gcc/arm-none-eabi/9.3.1/thumb/v7-m/nofp/crtbegin.o
                0x0000000008002ccc                PROVIDE (__init_array_end = .)
                0x0000000008002ccc                . = ALIGN (0x4)

.fini_array     0x0000000008002ccc        0x4
                0x0000000008002ccc                . = ALIGN (0x4)
                [!provide]                        PROVIDE (__fini_array_start = .)
 *(SORT_BY_NAME(.fini_array.*))
 *(.fini_array*)
 .fini_array    0x0000000008002ccc        0x4 c:/st/stm32cubeide_1.7.0/stm32cubeide/plugins/com.st.stm32cube.ide.mcu.externaltools.gnu-tools-for-stm32.9-2020-q2-update.win32_2.0.0.202105311346/tools/bin/../lib/gcc/arm-none-eabi/9.3.1/thumb/v7-m/nofp/crtbegin.o
                [!provide]                        PROVIDE (__fini_array_end = .)
                0x0000000008002cd0                . = ALIGN (0x4)
                0x0000000008002cd0                _sidata = LOADADDR (.data)

.data           0x0000000020000000       0x4c load address 0x0000000008002cd0
                0x0000000020000000                . = ALIGN (0x4)
                0x0000000020000000                _sdata = .
 *(.data)
 *(.data*)
 .data.KeyReg0_1
                0x0000000020000000        0x4 ./Core/Src/button.o
                0x0000000020000000                KeyReg0_1
 .data.KeyReg1_1
                0x0000000020000004        0x4 ./Core/Src/button.o
                0x0000000020000004                KeyReg1_1
 .data.KeyReg2_1
                0x0000000020000008        0x4 ./Core/Src/button.o
                0x0000000020000008                KeyReg2_1
 .data.KeyReg0_2
                0x000000002000000c        0x4 ./Core/Src/button.o
                0x000000002000000c                KeyReg0_2
 .data.KeyReg1_2
                0x0000000020000010        0x4 ./Core/Src/button.o
                0x0000000020000010                KeyReg1_2
 .data.KeyReg2_2
                0x0000000020000014        0x4 ./Core/Src/button.o
                0x0000000020000014                KeyReg2_2
 .data.KeyReg0_3
                0x0000000020000018        0x4 ./Core/Src/button.o
                0x0000000020000018                KeyReg0_3
 .data.KeyReg1_3
                0x000000002000001c        0x4 ./Core/Src/button.o
                0x000000002000001c                KeyReg1_3
 .data.KeyReg2_3
                0x0000000020000020        0x4 ./Core/Src/button.o
                0x0000000020000020                KeyReg2_3
 .data.TimeOutForKeyPress1
                0x0000000020000024        0x4 ./Core/Src/button.o
                0x0000000020000024                TimeOutForKeyPress1
 .data.TimeOutForKeyPress2
                0x0000000020000028        0x4 ./Core/Src/button.o
                0x0000000020000028                TimeOutForKeyPress2
 .data.TimeOutForKeyPress3
                0x000000002000002c        0x4 ./Core/Src/button.o
                0x000000002000002c                TimeOutForKeyPress3
 .data.mode     0x0000000020000030        0x4 ./Core/Src/fsm_setting.o
                0x0000000020000030                mode
 .data.duration_G
                0x0000000020000034        0x4 ./Core/Src/global_var.o
                0x0000000020000034                duration_G
 .data.duration_R
                0x0000000020000038        0x4 ./Core/Src/global_var.o
                0x0000000020000038                duration_R
 .data.duration_Y
                0x000000002000003c        0x4 ./Core/Src/global_var.o
                0x000000002000003c                duration_Y
 .data.SystemCoreClock
                0x0000000020000040        0x4 ./Core/Src/system_stm32f1xx.o
                0x0000000020000040                SystemCoreClock
 .data.uwTickPrio
                0x0000000020000044        0x4 ./Drivers/STM32F1xx_HAL_Driver/Src/stm32f1xx_hal.o
                0x0000000020000044                uwTickPrio
 .data.uwTickFreq
                0x0000000020000048        0x1 ./Drivers/STM32F1xx_HAL_Driver/Src/stm32f1xx_hal.o
                0x0000000020000048                uwTickFreq
 *(.RamFunc)
 *(.RamFunc*)
                0x000000002000004c                . = ALIGN (0x4)
 *fill*         0x0000000020000049        0x3 
                0x000000002000004c                _edata = .

.igot.plt       0x000000002000004c        0x0 load address 0x0000000008002d1c
 .igot.plt      0x000000002000004c        0x0 c:/st/stm32cubeide_1.7.0/stm32cubeide/plugins/com.st.stm32cube.ide.mcu.externaltools.gnu-tools-for-stm32.9-2020-q2-update.win32_2.0.0.202105311346/tools/bin/../lib/gcc/arm-none-eabi/9.3.1/thumb/v7-m/nofp/crtbegin.o
                0x000000002000004c                . = ALIGN (0x4)

.bss            0x000000002000004c      0x178 load address 0x0000000008002d1c
                0x000000002000004c                _sbss = .
                0x000000002000004c                __bss_start__ = _sbss
 *(.bss)
 .bss           0x000000002000004c       0x1c c:/st/stm32cubeide_1.7.0/stm32cubeide/plugins/com.st.stm32cube.ide.mcu.externaltools.gnu-tools-for-stm32.9-2020-q2-update.win32_2.0.0.202105311346/tools/bin/../lib/gcc/arm-none-eabi/9.3.1/thumb/v7-m/nofp/crtbegin.o
 *(.bss*)
 .bss.status    0x0000000020000068        0x4 ./Core/Src/global_var.o
                0x0000000020000068                status
 .bss.duration_ADD
                0x000000002000006c        0x4 ./Core/Src/global_var.o
                0x000000002000006c                duration_ADD
 .bss.count     0x0000000020000070        0x4 ./Core/Src/global_var.o
                0x0000000020000070                count
 .bss.button1_long_pressed
                0x0000000020000074        0x4 ./Core/Src/global_var.o
                0x0000000020000074                button1_long_pressed
 .bss.button2_long_pressed
                0x0000000020000078        0x4 ./Core/Src/global_var.o
                0x0000000020000078                button2_long_pressed
 .bss.button3_long_pressed
                0x000000002000007c        0x4 ./Core/Src/global_var.o
                0x000000002000007c                button3_long_pressed
 .bss.button1_flag
                0x0000000020000080        0x4 ./Core/Src/global_var.o
                0x0000000020000080                button1_flag
 .bss.button2_flag
                0x0000000020000084        0x4 ./Core/Src/global_var.o
                0x0000000020000084                button2_flag
 .bss.button3_flag
                0x0000000020000088        0x4 ./Core/Src/global_var.o
                0x0000000020000088                button3_flag
 *(COMMON)
 COMMON         0x000000002000008c       0xe4 ./Core/Src/main.o
                0x000000002000008c                hi2c1
                0x00000000200000e0                htim2
                0x0000000020000128                huart2
 COMMON         0x0000000020000170       0x50 ./Core/Src/software_timer.o
                0x0000000020000170                timer_counter
                0x0000000020000198                timer_flag
 COMMON         0x00000000200001c0        0x4 ./Drivers/STM32F1xx_HAL_Driver/Src/stm32f1xx_hal.o
                0x00000000200001c0                uwTick
                0x00000000200001c4                . = ALIGN (0x4)
                0x00000000200001c4                _ebss = .
                0x00000000200001c4                __bss_end__ = _ebss

._user_heap_stack
                0x00000000200001c4      0x604 load address 0x0000000008002d1c
                0x00000000200001c8                . = ALIGN (0x8)
 *fill*         0x00000000200001c4        0x4 
                [!provide]                        PROVIDE (end = .)
                0x00000000200001c8                PROVIDE (_end = .)
                0x00000000200003c8                . = (. + _Min_Heap_Size)
 *fill*         0x00000000200001c8      0x200 
                0x00000000200007c8                . = (. + _Min_Stack_Size)
 *fill*         0x00000000200003c8      0x400 
                0x00000000200007c8                . = ALIGN (0x8)

/DISCARD/
 libc.a(*)
 libm.a(*)
 libgcc.a(*)

.ARM.attributes
                0x0000000000000000       0x29
 *(.ARM.attributes)
 .ARM.attributes
                0x0000000000000000       0x1d c:/st/stm32cubeide_1.7.0/stm32cubeide/plugins/com.st.stm32cube.ide.mcu.externaltools.gnu-tools-for-stm32.9-2020-q2-update.win32_2.0.0.202105311346/tools/bin/../lib/gcc/arm-none-eabi/9.3.1/thumb/v7-m/nofp/crti.o
 .ARM.attributes
                0x000000000000001d       0x2d c:/st/stm32cubeide_1.7.0/stm32cubeide/plugins/com.st.stm32cube.ide.mcu.externaltools.gnu-tools-for-stm32.9-2020-q2-update.win32_2.0.0.202105311346/tools/bin/../lib/gcc/arm-none-eabi/9.3.1/thumb/v7-m/nofp/crtbegin.o
 .ARM.attributes
                0x000000000000004a       0x2d ./Core/Src/button.o
 .ARM.attributes
                0x0000000000000077       0x2d ./Core/Src/fsm_auto.o
 .ARM.attributes
                0x00000000000000a4       0x2d ./Core/Src/fsm_edit.o
 .ARM.attributes
                0x00000000000000d1       0x2d ./Core/Src/fsm_setting.o
 .ARM.attributes
                0x00000000000000fe       0x33 ./Core/Src/global_var.o
 .ARM.attributes
                0x0000000000000131       0x2d ./Core/Src/light_traffic.o
 .ARM.attributes
                0x000000000000015e       0x2d ./Core/Src/main.o
 .ARM.attributes
                0x000000000000018b       0x2d ./Core/Src/software_timer.o
 .ARM.attributes
                0x00000000000001b8       0x2d ./Core/Src/stm32f1xx_hal_msp.o
 .ARM.attributes
                0x00000000000001e5       0x2d ./Core/Src/stm32f1xx_it.o
 .ARM.attributes
                0x0000000000000212       0x2d ./Core/Src/system_stm32f1xx.o
 .ARM.attributes
                0x000000000000023f       0x21 ./Core/Startup/startup_stm32f103rbtx.o
 .ARM.attributes
                0x0000000000000260       0x2d ./Drivers/STM32F1xx_HAL_Driver/Src/stm32f1xx_hal.o
 .ARM.attributes
                0x000000000000028d       0x2d ./Drivers/STM32F1xx_HAL_Driver/Src/stm32f1xx_hal_cortex.o
 .ARM.attributes
                0x00000000000002ba       0x2d ./Drivers/STM32F1xx_HAL_Driver/Src/stm32f1xx_hal_gpio.o
 .ARM.attributes
                0x00000000000002e7       0x2d ./Drivers/STM32F1xx_HAL_Driver/Src/stm32f1xx_hal_i2c.o
 .ARM.attributes
                0x0000000000000314       0x2d ./Drivers/STM32F1xx_HAL_Driver/Src/stm32f1xx_hal_rcc.o
 .ARM.attributes
                0x0000000000000341       0x2d ./Drivers/STM32F1xx_HAL_Driver/Src/stm32f1xx_hal_tim.o
 .ARM.attributes
                0x000000000000036e       0x2d ./Drivers/STM32F1xx_HAL_Driver/Src/stm32f1xx_hal_tim_ex.o
 .ARM.attributes
                0x000000000000039b       0x2d ./Drivers/STM32F1xx_HAL_Driver/Src/stm32f1xx_hal_uart.o
 .ARM.attributes
                0x00000000000003c8       0x2d c:/st/stm32cubeide_1.7.0/stm32cubeide/plugins/com.st.stm32cube.ide.mcu.externaltools.gnu-tools-for-stm32.9-2020-q2-update.win32_2.0.0.202105311346/tools/bin/../lib/gcc/arm-none-eabi/9.3.1/../../../../arm-none-eabi/lib/thumb/v7-m/nofp\libc_nano.a(lib_a-init.o)
 .ARM.attributes
                0x00000000000003f5       0x2d c:/st/stm32cubeide_1.7.0/stm32cubeide/plugins/com.st.stm32cube.ide.mcu.externaltools.gnu-tools-for-stm32.9-2020-q2-update.win32_2.0.0.202105311346/tools/bin/../lib/gcc/arm-none-eabi/9.3.1/../../../../arm-none-eabi/lib/thumb/v7-m/nofp\libc_nano.a(lib_a-memset.o)
 .ARM.attributes
                0x0000000000000422       0x1d c:/st/stm32cubeide_1.7.0/stm32cubeide/plugins/com.st.stm32cube.ide.mcu.externaltools.gnu-tools-for-stm32.9-2020-q2-update.win32_2.0.0.202105311346/tools/bin/../lib/gcc/arm-none-eabi/9.3.1/thumb/v7-m/nofp/crtn.o
OUTPUT(Project_VXL.elf elf32-littlearm)
LOAD linker stubs
LOAD c:/st/stm32cubeide_1.7.0/stm32cubeide/plugins/com.st.stm32cube.ide.mcu.externaltools.gnu-tools-for-stm32.9-2020-q2-update.win32_2.0.0.202105311346/tools/bin/../lib/gcc/arm-none-eabi/9.3.1/../../../../arm-none-eabi/lib/thumb/v7-m/nofp\libc.a
LOAD c:/st/stm32cubeide_1.7.0/stm32cubeide/plugins/com.st.stm32cube.ide.mcu.externaltools.gnu-tools-for-stm32.9-2020-q2-update.win32_2.0.0.202105311346/tools/bin/../lib/gcc/arm-none-eabi/9.3.1/../../../../arm-none-eabi/lib/thumb/v7-m/nofp\libm.a
LOAD c:/st/stm32cubeide_1.7.0/stm32cubeide/plugins/com.st.stm32cube.ide.mcu.externaltools.gnu-tools-for-stm32.9-2020-q2-update.win32_2.0.0.202105311346/tools/bin/../lib/gcc/arm-none-eabi/9.3.1/thumb/v7-m/nofp\libgcc.a

.debug_info     0x0000000000000000     0xff3a
 .debug_info    0x0000000000000000      0x4e9 ./Core/Src/button.o
 .debug_info    0x00000000000004e9      0x262 ./Core/Src/fsm_auto.o
 .debug_info    0x000000000000074b      0x262 ./Core/Src/fsm_edit.o
 .debug_info    0x00000000000009ad      0x282 ./Core/Src/fsm_setting.o
 .debug_info    0x0000000000000c2f      0x2e2 ./Core/Src/global_var.o
 .debug_info    0x0000000000000f11      0x287 ./Core/Src/light_traffic.o
 .debug_info    0x0000000000001198     0x1337 ./Core/Src/main.o
 .debug_info    0x00000000000024cf       0xd3 ./Core/Src/software_timer.o
 .debug_info    0x00000000000025a2     0x1150 ./Core/Src/stm32f1xx_hal_msp.o
 .debug_info    0x00000000000036f2      0x7e3 ./Core/Src/stm32f1xx_it.o
 .debug_info    0x0000000000003ed5      0x2be ./Core/Src/system_stm32f1xx.o
 .debug_info    0x0000000000004193       0x22 ./Core/Startup/startup_stm32f103rbtx.o
 .debug_info    0x00000000000041b5      0x76a ./Drivers/STM32F1xx_HAL_Driver/Src/stm32f1xx_hal.o
 .debug_info    0x000000000000491f      0xbdc ./Drivers/STM32F1xx_HAL_Driver/Src/stm32f1xx_hal_cortex.o
 .debug_info    0x00000000000054fb      0x701 ./Drivers/STM32F1xx_HAL_Driver/Src/stm32f1xx_hal_gpio.o
 .debug_info    0x0000000000005bfc     0x27cb ./Drivers/STM32F1xx_HAL_Driver/Src/stm32f1xx_hal_i2c.o
 .debug_info    0x00000000000083c7      0x893 ./Drivers/STM32F1xx_HAL_Driver/Src/stm32f1xx_hal_rcc.o
 .debug_info    0x0000000000008c5a     0x2c32 ./Drivers/STM32F1xx_HAL_Driver/Src/stm32f1xx_hal_tim.o
 .debug_info    0x000000000000b88c     0x157f ./Drivers/STM32F1xx_HAL_Driver/Src/stm32f1xx_hal_tim_ex.o
 .debug_info    0x000000000000ce0b     0x312f ./Drivers/STM32F1xx_HAL_Driver/Src/stm32f1xx_hal_uart.o

.debug_abbrev   0x0000000000000000     0x214e
 .debug_abbrev  0x0000000000000000      0x17f ./Core/Src/button.o
 .debug_abbrev  0x000000000000017f       0xc9 ./Core/Src/fsm_auto.o
 .debug_abbrev  0x0000000000000248       0xc9 ./Core/Src/fsm_edit.o
 .debug_abbrev  0x0000000000000311       0xd8 ./Core/Src/fsm_setting.o
 .debug_abbrev  0x00000000000003e9       0xbc ./Core/Src/global_var.o
 .debug_abbrev  0x00000000000004a5       0xff ./Core/Src/light_traffic.o
 .debug_abbrev  0x00000000000005a4      0x2a7 ./Core/Src/main.o
 .debug_abbrev  0x000000000000084b       0xd3 ./Core/Src/software_timer.o
 .debug_abbrev  0x000000000000091e      0x1c8 ./Core/Src/stm32f1xx_hal_msp.o
 .debug_abbrev  0x0000000000000ae6      0x176 ./Core/Src/stm32f1xx_it.o
 .debug_abbrev  0x0000000000000c5c      0x14e ./Core/Src/system_stm32f1xx.o
 .debug_abbrev  0x0000000000000daa       0x12 ./Core/Startup/startup_stm32f103rbtx.o
 .debug_abbrev  0x0000000000000dbc      0x1ed ./Drivers/STM32F1xx_HAL_Driver/Src/stm32f1xx_hal.o
 .debug_abbrev  0x0000000000000fa9      0x313 ./Drivers/STM32F1xx_HAL_Driver/Src/stm32f1xx_hal_cortex.o
 .debug_abbrev  0x00000000000012bc      0x1e8 ./Drivers/STM32F1xx_HAL_Driver/Src/stm32f1xx_hal_gpio.o
 .debug_abbrev  0x00000000000014a4      0x288 ./Drivers/STM32F1xx_HAL_Driver/Src/stm32f1xx_hal_i2c.o
 .debug_abbrev  0x000000000000172c      0x273 ./Drivers/STM32F1xx_HAL_Driver/Src/stm32f1xx_hal_rcc.o
 .debug_abbrev  0x000000000000199f      0x25e ./Drivers/STM32F1xx_HAL_Driver/Src/stm32f1xx_hal_tim.o
 .debug_abbrev  0x0000000000001bfd      0x266 ./Drivers/STM32F1xx_HAL_Driver/Src/stm32f1xx_hal_tim_ex.o
 .debug_abbrev  0x0000000000001e63      0x2eb ./Drivers/STM32F1xx_HAL_Driver/Src/stm32f1xx_hal_uart.o

.debug_aranges  0x0000000000000000      0xf60
 .debug_aranges
                0x0000000000000000       0x60 ./Core/Src/button.o
 .debug_aranges
                0x0000000000000060       0x20 ./Core/Src/fsm_auto.o
 .debug_aranges
                0x0000000000000080       0x20 ./Core/Src/fsm_edit.o
 .debug_aranges
                0x00000000000000a0       0x28 ./Core/Src/fsm_setting.o
 .debug_aranges
                0x00000000000000c8       0x18 ./Core/Src/global_var.o
 .debug_aranges
                0x00000000000000e0       0x40 ./Core/Src/light_traffic.o
 .debug_aranges
                0x0000000000000120       0x58 ./Core/Src/main.o
 .debug_aranges
                0x0000000000000178       0x28 ./Core/Src/software_timer.o
 .debug_aranges
                0x00000000000001a0       0x50 ./Core/Src/stm32f1xx_hal_msp.o
 .debug_aranges
                0x00000000000001f0       0x70 ./Core/Src/stm32f1xx_it.o
 .debug_aranges
                0x0000000000000260       0x28 ./Core/Src/system_stm32f1xx.o
 .debug_aranges
                0x0000000000000288       0x28 ./Core/Startup/startup_stm32f103rbtx.o
 .debug_aranges
                0x00000000000002b0       0xe0 ./Drivers/STM32F1xx_HAL_Driver/Src/stm32f1xx_hal.o
 .debug_aranges
                0x0000000000000390      0x100 ./Drivers/STM32F1xx_HAL_Driver/Src/stm32f1xx_hal_cortex.o
 .debug_aranges
                0x0000000000000490       0x58 ./Drivers/STM32F1xx_HAL_Driver/Src/stm32f1xx_hal_gpio.o
 .debug_aranges
                0x00000000000004e8      0x2a8 ./Drivers/STM32F1xx_HAL_Driver/Src/stm32f1xx_hal_i2c.o
 .debug_aranges
                0x0000000000000790       0x90 ./Drivers/STM32F1xx_HAL_Driver/Src/stm32f1xx_hal_rcc.o
 .debug_aranges
                0x0000000000000820      0x3d0 ./Drivers/STM32F1xx_HAL_Driver/Src/stm32f1xx_hal_tim.o
 .debug_aranges
                0x0000000000000bf0      0x168 ./Drivers/STM32F1xx_HAL_Driver/Src/stm32f1xx_hal_tim_ex.o
 .debug_aranges
                0x0000000000000d58      0x208 ./Drivers/STM32F1xx_HAL_Driver/Src/stm32f1xx_hal_uart.o

.debug_ranges   0x0000000000000000      0xe68
 .debug_ranges  0x0000000000000000       0x50 ./Core/Src/button.o
 .debug_ranges  0x0000000000000050       0x10 ./Core/Src/fsm_auto.o
 .debug_ranges  0x0000000000000060       0x10 ./Core/Src/fsm_edit.o
 .debug_ranges  0x0000000000000070       0x18 ./Core/Src/fsm_setting.o
 .debug_ranges  0x0000000000000088       0x30 ./Core/Src/light_traffic.o
 .debug_ranges  0x00000000000000b8       0x48 ./Core/Src/main.o
 .debug_ranges  0x0000000000000100       0x18 ./Core/Src/software_timer.o
 .debug_ranges  0x0000000000000118       0x40 ./Core/Src/stm32f1xx_hal_msp.o
 .debug_ranges  0x0000000000000158       0x60 ./Core/Src/stm32f1xx_it.o
 .debug_ranges  0x00000000000001b8       0x18 ./Core/Src/system_stm32f1xx.o
 .debug_ranges  0x00000000000001d0       0x20 ./Core/Startup/startup_stm32f103rbtx.o
 .debug_ranges  0x00000000000001f0       0xd0 ./Drivers/STM32F1xx_HAL_Driver/Src/stm32f1xx_hal.o
 .debug_ranges  0x00000000000002c0       0xf0 ./Drivers/STM32F1xx_HAL_Driver/Src/stm32f1xx_hal_cortex.o
 .debug_ranges  0x00000000000003b0       0x48 ./Drivers/STM32F1xx_HAL_Driver/Src/stm32f1xx_hal_gpio.o
 .debug_ranges  0x00000000000003f8      0x2b0 ./Drivers/STM32F1xx_HAL_Driver/Src/stm32f1xx_hal_i2c.o
 .debug_ranges  0x00000000000006a8       0x80 ./Drivers/STM32F1xx_HAL_Driver/Src/stm32f1xx_hal_rcc.o
 .debug_ranges  0x0000000000000728      0x3c0 ./Drivers/STM32F1xx_HAL_Driver/Src/stm32f1xx_hal_tim.o
 .debug_ranges  0x0000000000000ae8      0x158 ./Drivers/STM32F1xx_HAL_Driver/Src/stm32f1xx_hal_tim_ex.o
 .debug_ranges  0x0000000000000c40      0x228 ./Drivers/STM32F1xx_HAL_Driver/Src/stm32f1xx_hal_uart.o

.debug_macro    0x0000000000000000    0x17cd0
 .debug_macro   0x0000000000000000      0x205 ./Core/Src/button.o
 .debug_macro   0x0000000000000205      0xa9c ./Core/Src/button.o
 .debug_macro   0x0000000000000ca1      0x221 ./Core/Src/button.o
 .debug_macro   0x0000000000000ec2       0x2e ./Core/Src/button.o
 .debug_macro   0x0000000000000ef0       0x22 ./Core/Src/button.o
 .debug_macro   0x0000000000000f12       0x22 ./Core/Src/button.o
 .debug_macro   0x0000000000000f34       0x8e ./Core/Src/button.o
 .debug_macro   0x0000000000000fc2       0x51 ./Core/Src/button.o
 .debug_macro   0x0000000000001013      0x103 ./Core/Src/button.o
 .debug_macro   0x0000000000001116       0x6a ./Core/Src/button.o
 .debug_macro   0x0000000000001180      0x1df ./Core/Src/button.o
 .debug_macro   0x000000000000135f       0x1c ./Core/Src/button.o
 .debug_macro   0x000000000000137b       0x22 ./Core/Src/button.o
 .debug_macro   0x000000000000139d       0xc3 ./Core/Src/button.o
 .debug_macro   0x0000000000001460      0xd23 ./Core/Src/button.o
 .debug_macro   0x0000000000002183     0xe09e ./Core/Src/button.o
 .debug_macro   0x0000000000010221       0x6d ./Core/Src/button.o
 .debug_macro   0x000000000001028e     0x34a2 ./Core/Src/button.o
 .debug_macro   0x0000000000013730      0x174 ./Core/Src/button.o
 .debug_macro   0x00000000000138a4       0x5c ./Core/Src/button.o
 .debug_macro   0x0000000000013900      0x5bc ./Core/Src/button.o
 .debug_macro   0x0000000000013ebc      0x289 ./Core/Src/button.o
 .debug_macro   0x0000000000014145      0x1cb ./Core/Src/button.o
 .debug_macro   0x0000000000014310      0x114 ./Core/Src/button.o
 .debug_macro   0x0000000000014424      0x1b2 ./Core/Src/button.o
 .debug_macro   0x00000000000145d6       0x27 ./Core/Src/button.o
 .debug_macro   0x00000000000145fd      0x136 ./Core/Src/button.o
 .debug_macro   0x0000000000014733      0x1bc ./Core/Src/button.o
 .debug_macro   0x00000000000148ef       0x34 ./Core/Src/button.o
 .debug_macro   0x0000000000014923       0x3c ./Core/Src/button.o
 .debug_macro   0x000000000001495f       0x57 ./Core/Src/button.o
 .debug_macro   0x00000000000149b6       0x87 ./Core/Src/button.o
 .debug_macro   0x0000000000014a3d      0x240 ./Core/Src/button.o
 .debug_macro   0x0000000000014c7d      0x287 ./Core/Src/button.o
 .debug_macro   0x0000000000014f04      0x140 ./Core/Src/button.o
 .debug_macro   0x0000000000015044      0x8ed ./Core/Src/button.o
 .debug_macro   0x0000000000015931      0x28e ./Core/Src/button.o
 .debug_macro   0x0000000000015bbf       0x83 ./Core/Src/button.o
 .debug_macro   0x0000000000015c42       0xd6 ./Core/Src/button.o
 .debug_macro   0x0000000000015d18       0x10 ./Core/Src/button.o
 .debug_macro   0x0000000000015d28       0x34 ./Core/Src/button.o
 .debug_macro   0x0000000000015d5c       0x10 ./Core/Src/button.o
 .debug_macro   0x0000000000015d6c      0x205 ./Core/Src/fsm_auto.o
 .debug_macro   0x0000000000015f71      0x20f ./Core/Src/fsm_edit.o
 .debug_macro   0x0000000000016180      0x205 ./Core/Src/fsm_setting.o
 .debug_macro   0x0000000000016385      0x1c6 ./Core/Src/global_var.o
 .debug_macro   0x000000000001654b      0x1c6 ./Core/Src/light_traffic.o
 .debug_macro   0x0000000000016711      0x21d ./Core/Src/main.o
 .debug_macro   0x000000000001692e       0x1a ./Core/Src/software_timer.o
 .debug_macro   0x0000000000016948      0x1bc ./Core/Src/stm32f1xx_hal_msp.o
 .debug_macro   0x0000000000016b04      0x1c6 ./Core/Src/stm32f1xx_it.o
 .debug_macro   0x0000000000016cca      0x1ad ./Core/Src/system_stm32f1xx.o
 .debug_macro   0x0000000000016e77      0x1d1 ./Drivers/STM32F1xx_HAL_Driver/Src/stm32f1xx_hal.o
 .debug_macro   0x0000000000017048      0x1ad ./Drivers/STM32F1xx_HAL_Driver/Src/stm32f1xx_hal_cortex.o
 .debug_macro   0x00000000000171f5      0x218 ./Drivers/STM32F1xx_HAL_Driver/Src/stm32f1xx_hal_gpio.o
 .debug_macro   0x000000000001740d      0x1fb ./Drivers/STM32F1xx_HAL_Driver/Src/stm32f1xx_hal_i2c.o
 .debug_macro   0x0000000000017608      0x1bf ./Drivers/STM32F1xx_HAL_Driver/Src/stm32f1xx_hal_rcc.o
 .debug_macro   0x00000000000177c7      0x1ae ./Drivers/STM32F1xx_HAL_Driver/Src/stm32f1xx_hal_tim.o
 .debug_macro   0x0000000000017975      0x1ad ./Drivers/STM32F1xx_HAL_Driver/Src/stm32f1xx_hal_tim_ex.o
 .debug_macro   0x0000000000017b22      0x1ae ./Drivers/STM32F1xx_HAL_Driver/Src/stm32f1xx_hal_uart.o

.debug_line     0x0000000000000000    0x12872
 .debug_line    0x0000000000000000      0x965 ./Core/Src/button.o
 .debug_line    0x0000000000000965      0x792 ./Core/Src/fsm_auto.o
 .debug_line    0x00000000000010f7      0x7c8 ./Core/Src/fsm_edit.o
 .debug_line    0x00000000000018bf      0x747 ./Core/Src/fsm_setting.o
 .debug_line    0x0000000000002006      0x684 ./Core/Src/global_var.o
 .debug_line    0x000000000000268a      0x721 ./Core/Src/light_traffic.o
 .debug_line    0x0000000000002dab      0x8ca ./Core/Src/main.o
 .debug_line    0x0000000000003675       0xb9 ./Core/Src/software_timer.o
 .debug_line    0x000000000000372e      0x764 ./Core/Src/stm32f1xx_hal_msp.o
 .debug_line    0x0000000000003e92      0x786 ./Core/Src/stm32f1xx_it.o
 .debug_line    0x0000000000004618      0x712 ./Core/Src/system_stm32f1xx.o
 .debug_line    0x0000000000004d2a       0x86 ./Core/Startup/startup_stm32f103rbtx.o
 .debug_line    0x0000000000004db0      0x93f ./Drivers/STM32F1xx_HAL_Driver/Src/stm32f1xx_hal.o
 .debug_line    0x00000000000056ef      0xb27 ./Drivers/STM32F1xx_HAL_Driver/Src/stm32f1xx_hal_cortex.o
 .debug_line    0x0000000000006216      0x9d8 ./Drivers/STM32F1xx_HAL_Driver/Src/stm32f1xx_hal_gpio.o
 .debug_line    0x0000000000006bee     0x3ad5 ./Drivers/STM32F1xx_HAL_Driver/Src/stm32f1xx_hal_i2c.o
 .debug_line    0x000000000000a6c3      0xd4b ./Drivers/STM32F1xx_HAL_Driver/Src/stm32f1xx_hal_rcc.o
 .debug_line    0x000000000000b40e     0x33d9 ./Drivers/STM32F1xx_HAL_Driver/Src/stm32f1xx_hal_tim.o
 .debug_line    0x000000000000e7e7     0x1885 ./Drivers/STM32F1xx_HAL_Driver/Src/stm32f1xx_hal_tim_ex.o
 .debug_line    0x000000000001006c     0x2806 ./Drivers/STM32F1xx_HAL_Driver/Src/stm32f1xx_hal_uart.o

.debug_str      0x0000000000000000    0x8935a
 .debug_str     0x0000000000000000    0x8526f ./Core/Src/button.o
                                      0x855b3 (size before relaxing)
 .debug_str     0x000000000008526f       0x24 ./Core/Src/fsm_auto.o
                                      0x85439 (size before relaxing)
 .debug_str     0x0000000000085293       0x31 ./Core/Src/fsm_edit.o
                                      0x85446 (size before relaxing)
 .debug_str     0x00000000000852c4       0x30 ./Core/Src/fsm_setting.o
                                      0x85445 (size before relaxing)
 .debug_str     0x00000000000852f4       0x19 ./Core/Src/global_var.o
                                      0x85332 (size before relaxing)
 .debug_str     0x000000000008530d       0x5b ./Core/Src/light_traffic.o
                                      0x852f6 (size before relaxing)
 .debug_str     0x0000000000085368      0xd82 ./Core/Src/main.o
                                      0x8637d (size before relaxing)
 .debug_str     0x00000000000860ea       0x43 ./Core/Src/software_timer.o
                                       0x2dd2 (size before relaxing)
 .debug_str     0x000000000008612d       0xe1 ./Core/Src/stm32f1xx_hal_msp.o
                                      0x85fc9 (size before relaxing)
 .debug_str     0x000000000008620e       0xe2 ./Core/Src/stm32f1xx_it.o
                                      0x85804 (size before relaxing)
 .debug_str     0x00000000000862f0       0x52 ./Core/Src/system_stm32f1xx.o
                                      0x8502c (size before relaxing)
 .debug_str     0x0000000000086342       0x36 ./Core/Startup/startup_stm32f103rbtx.o
                                         0x62 (size before relaxing)
 .debug_str     0x0000000000086378      0x304 ./Drivers/STM32F1xx_HAL_Driver/Src/stm32f1xx_hal.o
                                      0x856bd (size before relaxing)
 .debug_str     0x000000000008667c      0x300 ./Drivers/STM32F1xx_HAL_Driver/Src/stm32f1xx_hal_cortex.o
                                      0x856c5 (size before relaxing)
 .debug_str     0x000000000008697c      0x324 ./Drivers/STM32F1xx_HAL_Driver/Src/stm32f1xx_hal_gpio.o
                                      0x853f0 (size before relaxing)
 .debug_str     0x0000000000086ca0      0xb9a ./Drivers/STM32F1xx_HAL_Driver/Src/stm32f1xx_hal_i2c.o
                                      0x860bb (size before relaxing)
 .debug_str     0x000000000008783a      0x244 ./Drivers/STM32F1xx_HAL_Driver/Src/stm32f1xx_hal_rcc.o
                                      0x85429 (size before relaxing)
 .debug_str     0x0000000000087a7e      0xdd8 ./Drivers/STM32F1xx_HAL_Driver/Src/stm32f1xx_hal_tim.o
                                      0x86412 (size before relaxing)
 .debug_str     0x0000000000088856      0x4ee ./Drivers/STM32F1xx_HAL_Driver/Src/stm32f1xx_hal_tim_ex.o
                                      0x85bb3 (size before relaxing)
 .debug_str     0x0000000000088d44      0x616 ./Drivers/STM32F1xx_HAL_Driver/Src/stm32f1xx_hal_uart.o
                                      0x85a81 (size before relaxing)

.comment        0x0000000000000000       0x53
 .comment       0x0000000000000000       0x53 ./Core/Src/button.o
                                         0x54 (size before relaxing)
 .comment       0x0000000000000053       0x54 ./Core/Src/fsm_auto.o
 .comment       0x0000000000000053       0x54 ./Core/Src/fsm_edit.o
 .comment       0x0000000000000053       0x54 ./Core/Src/fsm_setting.o
 .comment       0x0000000000000053       0x54 ./Core/Src/global_var.o
 .comment       0x0000000000000053       0x54 ./Core/Src/light_traffic.o
 .comment       0x0000000000000053       0x54 ./Core/Src/main.o
 .comment       0x0000000000000053       0x54 ./Core/Src/software_timer.o
 .comment       0x0000000000000053       0x54 ./Core/Src/stm32f1xx_hal_msp.o
 .comment       0x0000000000000053       0x54 ./Core/Src/stm32f1xx_it.o
 .comment       0x0000000000000053       0x54 ./Core/Src/system_stm32f1xx.o
 .comment       0x0000000000000053       0x54 ./Drivers/STM32F1xx_HAL_Driver/Src/stm32f1xx_hal.o
 .comment       0x0000000000000053       0x54 ./Drivers/STM32F1xx_HAL_Driver/Src/stm32f1xx_hal_cortex.o
 .comment       0x0000000000000053       0x54 ./Drivers/STM32F1xx_HAL_Driver/Src/stm32f1xx_hal_gpio.o
 .comment       0x0000000000000053       0x54 ./Drivers/STM32F1xx_HAL_Driver/Src/stm32f1xx_hal_i2c.o
 .comment       0x0000000000000053       0x54 ./Drivers/STM32F1xx_HAL_Driver/Src/stm32f1xx_hal_rcc.o
 .comment       0x0000000000000053       0x54 ./Drivers/STM32F1xx_HAL_Driver/Src/stm32f1xx_hal_tim.o
 .comment       0x0000000000000053       0x54 ./Drivers/STM32F1xx_HAL_Driver/Src/stm32f1xx_hal_tim_ex.o
 .comment       0x0000000000000053       0x54 ./Drivers/STM32F1xx_HAL_Driver/Src/stm32f1xx_hal_uart.o

.debug_frame    0x0000000000000000     0x3f54
 .debug_frame   0x0000000000000000      0x144 ./Core/Src/button.o
 .debug_frame   0x0000000000000144       0x2c ./Core/Src/fsm_auto.o
 .debug_frame   0x0000000000000170       0x2c ./Core/Src/fsm_edit.o
 .debug_frame   0x000000000000019c       0x48 ./Core/Src/fsm_setting.o
 .debug_frame   0x00000000000001e4       0x9c ./Core/Src/light_traffic.o
 .debug_frame   0x0000000000000280      0x10c ./Core/Src/main.o
 .debug_frame   0x000000000000038c       0x60 ./Core/Src/software_timer.o
 .debug_frame   0x00000000000003ec      0x110 ./Core/Src/stm32f1xx_hal_msp.o
 .debug_frame   0x00000000000004fc      0x13c ./Core/Src/stm32f1xx_it.o
 .debug_frame   0x0000000000000638       0x58 ./Core/Src/system_stm32f1xx.o
 .debug_frame   0x0000000000000690      0x334 ./Drivers/STM32F1xx_HAL_Driver/Src/stm32f1xx_hal.o
 .debug_frame   0x00000000000009c4      0x428 ./Drivers/STM32F1xx_HAL_Driver/Src/stm32f1xx_hal_cortex.o
 .debug_frame   0x0000000000000dec      0x14c ./Drivers/STM32F1xx_HAL_Driver/Src/stm32f1xx_hal_gpio.o
 .debug_frame   0x0000000000000f38      0xc84 ./Drivers/STM32F1xx_HAL_Driver/Src/stm32f1xx_hal_i2c.o
 .debug_frame   0x0000000000001bbc      0x218 ./Drivers/STM32F1xx_HAL_Driver/Src/stm32f1xx_hal_rcc.o
 .debug_frame   0x0000000000001dd4     0x11b8 ./Drivers/STM32F1xx_HAL_Driver/Src/stm32f1xx_hal_tim.o
 .debug_frame   0x0000000000002f8c      0x638 ./Drivers/STM32F1xx_HAL_Driver/Src/stm32f1xx_hal_tim_ex.o
 .debug_frame   0x00000000000035c4      0x944 ./Drivers/STM32F1xx_HAL_Driver/Src/stm32f1xx_hal_uart.o
 .debug_frame   0x0000000000003f08       0x2c c:/st/stm32cubeide_1.7.0/stm32cubeide/plugins/com.st.stm32cube.ide.mcu.externaltools.gnu-tools-for-stm32.9-2020-q2-update.win32_2.0.0.202105311346/tools/bin/../lib/gcc/arm-none-eabi/9.3.1/../../../../arm-none-eabi/lib/thumb/v7-m/nofp\libc_nano.a(lib_a-init.o)
 .debug_frame   0x0000000000003f34       0x20 c:/st/stm32cubeide_1.7.0/stm32cubeide/plugins/com.st.stm32cube.ide.mcu.externaltools.gnu-tools-for-stm32.9-2020-q2-update.win32_2.0.0.202105311346/tools/bin/../lib/gcc/arm-none-eabi/9.3.1/../../../../arm-none-eabi/lib/thumb/v7-m/nofp\libc_nano.a(lib_a-memset.o)
